
> mobile@1.0.0 test
> jest src/__tests__/screens/rider/RiderScreens.test.tsx

  console.warn
    ProgressBarAndroid has been extracted from react-native core and will be removed in a future release. It can now be installed and imported from '@react-native-community/progress-bar-android' instead of 'react-native'. See https://github.com/react-native-progress-view/progress-bar-android

    [0m [90m 59 |[39m jest[33m.[39mmock([32m'react-native'[39m[33m,[39m () [33m=>[39m {
     [90m 60 |[39m     [36mconst[39m [33mRN[39m [33m=[39m jest[33m.[39mrequireActual([32m'react-native'[39m)[33m;[39m
    [31m[1m>[22m[39m[90m 61 |[39m     [36mreturn[39m {
     [90m    |[39m     [31m[1m^[22m[39m
     [90m 62 |[39m         [33m...[39m[33mRN[39m[33m,[39m
     [90m 63 |[39m         [33mKeyboard[39m[33m:[39m {
     [90m 64 |[39m             addListener[33m:[39m jest[33m.[39mfn(() [33m=>[39m ({ remove[33m:[39m jest[33m.[39mfn() }))[33m,[39m[0m

      at warn (node_modules/react-native/Libraries/Utilities/warnOnce.js:27:11)
      at Object.warnOnce [as ProgressBarAndroid] (node_modules/react-native/index.js:73:5)
          at Function.assign (<anonymous>)
      at assign (jest.setup.js:61:5)
      at Object.require (node_modules/@react-native/virtualized-lists/Lists/VirtualizedListCellRenderer.js:23:1)
      at Object.require (node_modules/@react-native/virtualized-lists/Lists/VirtualizedList.js:36:1)
      at Object.require [as VirtualizedList] (node_modules/@react-native/virtualized-lists/index.js:46:12)
      at Object.VirtualizedList (node_modules/react-native/Libraries/Lists/FlatList.js:33:42)
      at Object.require [as FlatList] (node_modules/react-native/index.js:46:12)
          at Function.assign (<anonymous>)
      at assign (jest.setup.js:61:5)
      at Object.require (node_modules/@testing-library/react-native/src/helpers/accessibility.ts:2:1)
      at Object.require (node_modules/@testing-library/react-native/src/matchers/to-be-busy.ts:5:1)
      at Object.require (node_modules/@testing-library/react-native/src/matchers/extend-expect.ts:1:1)
      at Object.require (node_modules/@testing-library/react-native/src/index.ts:2:1)
      at Object.require (src/__tests__/screens/rider/RiderScreens.test.tsx:2:1)

  console.warn
    SafeAreaView has been deprecated and will be removed in a future release. Please use 'react-native-safe-area-context' instead. See https://github.com/th3rdwave/react-native-safe-area-context

    [0m [90m 59 |[39m jest[33m.[39mmock([32m'react-native'[39m[33m,[39m () [33m=>[39m {
     [90m 60 |[39m     [36mconst[39m [33mRN[39m [33m=[39m jest[33m.[39mrequireActual([32m'react-native'[39m)[33m;[39m
    [31m[1m>[22m[39m[90m 61 |[39m     [36mreturn[39m {
     [90m    |[39m     [31m[1m^[22m[39m
     [90m 62 |[39m         [33m...[39m[33mRN[39m[33m,[39m
     [90m 63 |[39m         [33mKeyboard[39m[33m:[39m {
     [90m 64 |[39m             addListener[33m:[39m jest[33m.[39mfn(() [33m=>[39m ({ remove[33m:[39m jest[33m.[39mfn() }))[33m,[39m[0m

      at warn (node_modules/react-native/Libraries/Utilities/warnOnce.js:27:11)
      at Object.warnOnce [as SafeAreaView] (node_modules/react-native/index.js:92:5)
          at Function.assign (<anonymous>)
      at assign (jest.setup.js:61:5)
      at Object.require (node_modules/@react-native/virtualized-lists/Lists/VirtualizedListCellRenderer.js:23:1)
      at Object.require (node_modules/@react-native/virtualized-lists/Lists/VirtualizedList.js:36:1)
      at Object.require [as VirtualizedList] (node_modules/@react-native/virtualized-lists/index.js:46:12)
      at Object.VirtualizedList (node_modules/react-native/Libraries/Lists/FlatList.js:33:42)
      at Object.require [as FlatList] (node_modules/react-native/index.js:46:12)
          at Function.assign (<anonymous>)
      at assign (jest.setup.js:61:5)
      at Object.require (node_modules/@testing-library/react-native/src/helpers/accessibility.ts:2:1)
      at Object.require (node_modules/@testing-library/react-native/src/matchers/to-be-busy.ts:5:1)
      at Object.require (node_modules/@testing-library/react-native/src/matchers/extend-expect.ts:1:1)
      at Object.require (node_modules/@testing-library/react-native/src/index.ts:2:1)
      at Object.require (src/__tests__/screens/rider/RiderScreens.test.tsx:2:1)

  console.warn
    Clipboard has been extracted from react-native core and will be removed in a future release. It can now be installed and imported from '@react-native-clipboard/clipboard' instead of 'react-native'. See https://github.com/react-native-clipboard/clipboard

    [0m [90m 59 |[39m jest[33m.[39mmock([32m'react-native'[39m[33m,[39m () [33m=>[39m {
     [90m 60 |[39m     [36mconst[39m [33mRN[39m [33m=[39m jest[33m.[39mrequireActual([32m'react-native'[39m)[33m;[39m
    [31m[1m>[22m[39m[90m 61 |[39m     [36mreturn[39m {
     [90m    |[39m     [31m[1m^[22m[39m
     [90m 62 |[39m         [33m...[39m[33mRN[39m[33m,[39m
     [90m 63 |[39m         [33mKeyboard[39m[33m:[39m {
     [90m 64 |[39m             addListener[33m:[39m jest[33m.[39mfn(() [33m=>[39m ({ remove[33m:[39m jest[33m.[39mfn() }))[33m,[39m[0m

      at warn (node_modules/react-native/Libraries/Utilities/warnOnce.js:27:11)
      at Object.warnOnce [as Clipboard] (node_modules/react-native/index.js:181:5)
          at Function.assign (<anonymous>)
      at assign (jest.setup.js:61:5)
      at Object.require (node_modules/@react-native/virtualized-lists/Lists/VirtualizedListCellRenderer.js:23:1)
      at Object.require (node_modules/@react-native/virtualized-lists/Lists/VirtualizedList.js:36:1)
      at Object.require [as VirtualizedList] (node_modules/@react-native/virtualized-lists/index.js:46:12)
      at Object.VirtualizedList (node_modules/react-native/Libraries/Lists/FlatList.js:33:42)
      at Object.require [as FlatList] (node_modules/react-native/index.js:46:12)
          at Function.assign (<anonymous>)
      at assign (jest.setup.js:61:5)
      at Object.require (node_modules/@testing-library/react-native/src/helpers/accessibility.ts:2:1)
      at Object.require (node_modules/@testing-library/react-native/src/matchers/to-be-busy.ts:5:1)
      at Object.require (node_modules/@testing-library/react-native/src/matchers/extend-expect.ts:1:1)
      at Object.require (node_modules/@testing-library/react-native/src/index.ts:2:1)
      at Object.require (src/__tests__/screens/rider/RiderScreens.test.tsx:2:1)

  console.warn
    PushNotificationIOS has been extracted from react-native core and will be removed in a future release. It can now be installed and imported from '@react-native-community/push-notification-ios' instead of 'react-native'. See https://github.com/react-native-push-notification/ios

    [0m [90m 59 |[39m jest[33m.[39mmock([32m'react-native'[39m[33m,[39m () [33m=>[39m {
     [90m 60 |[39m     [36mconst[39m [33mRN[39m [33m=[39m jest[33m.[39mrequireActual([32m'react-native'[39m)[33m;[39m
    [31m[1m>[22m[39m[90m 61 |[39m     [36mreturn[39m {
     [90m    |[39m     [31m[1m^[22m[39m
     [90m 62 |[39m         [33m...[39m[33mRN[39m[33m,[39m
     [90m 63 |[39m         [33mKeyboard[39m[33m:[39m {
     [90m 64 |[39m             addListener[33m:[39m jest[33m.[39mfn(() [33m=>[39m ({ remove[33m:[39m jest[33m.[39mfn() }))[33m,[39m[0m

      at warn (node_modules/react-native/Libraries/Utilities/warnOnce.js:27:11)
      at Object.warnOnce [as PushNotificationIOS] (node_modules/react-native/index.js:274:5)
          at Function.assign (<anonymous>)
      at assign (jest.setup.js:61:5)
      at Object.require (node_modules/@react-native/virtualized-lists/Lists/VirtualizedListCellRenderer.js:23:1)
      at Object.require (node_modules/@react-native/virtualized-lists/Lists/VirtualizedList.js:36:1)
      at Object.require [as VirtualizedList] (node_modules/@react-native/virtualized-lists/index.js:46:12)
      at Object.VirtualizedList (node_modules/react-native/Libraries/Lists/FlatList.js:33:42)
      at Object.require [as FlatList] (node_modules/react-native/index.js:46:12)
          at Function.assign (<anonymous>)
      at assign (jest.setup.js:61:5)
      at Object.require (node_modules/@testing-library/react-native/src/helpers/accessibility.ts:2:1)
      at Object.require (node_modules/@testing-library/react-native/src/matchers/to-be-busy.ts:5:1)
      at Object.require (node_modules/@testing-library/react-native/src/matchers/extend-expect.ts:1:1)
      at Object.require (node_modules/@testing-library/react-native/src/index.ts:2:1)
      at Object.require (src/__tests__/screens/rider/RiderScreens.test.tsx:2:1)

  console.warn
    The global process.env.EXPO_OS is not defined. This should be inlined by babel-preset-expo during transformation.

    [0m [90m 1 |[39m [36mimport[39m [33mReact[39m [36mfrom[39m [32m'react'[39m[33m;[39m
     [90m 2 |[39m [36mimport[39m { render[33m,[39m act } [36mfrom[39m [32m'@testing-library/react-native'[39m[33m;[39m
    [31m[1m>[22m[39m[90m 3 |[39m [36mimport[39m { [33mProvider[39m [36mas[39m [33mPaperProvider[39m } [36mfrom[39m [32m'react-native-paper'[39m[33m;[39m
     [90m   |[39m [31m[1m^[22m[39m
     [90m 4 |[39m
     [90m 5 |[39m [36mimport[39m [33mArrivalScreen[39m [36mfrom[39m [32m'../../../screens/rider/ArrivalScreen'[39m[33m;[39m
     [90m 6 |[39m [36mimport[39m [33mAssignedDeliveriesScreen[39m [36mfrom[39m [32m'../../../screens/rider/AssignedDeliveriesScreen'[39m[33m;[39m[0m

      at Object.warn (node_modules/expo-modules-core/src/Platform.ts:15:11)
      at Object.require (node_modules/expo-modules-core/src/sweet/setUpJsLogger.fx.ts:2:1)
      at Object.require (node_modules/expo-modules-core/src/index.ts:1:1)
      at node_modules/jest-expo/src/preset/setup.js:219:32
      at Object.require (node_modules/expo-font/src/Font.ts:1:1)
      at Object.require (node_modules/expo-font/src/index.ts:1:1)
      at Object.require (node_modules/@expo/vector-icons/src/createIconSet.tsx:1:1)
      at Object.require (node_modules/@expo/vector-icons/src/MaterialCommunityIcons.ts:3:1)
      at Object.require (node_modules/@expo/vector-icons/MaterialCommunityIcons.js:1:1)
      at require (node_modules/react-native-paper/src/components/MaterialCommunityIcon.tsx:45:14)
      at Object.loadIconModule (node_modules/react-native-paper/src/components/MaterialCommunityIcon.tsx:67:20)
      at Object.require (node_modules/react-native-paper/src/core/settings.tsx:3:1)
      at Object.require (node_modules/react-native-paper/src/core/PaperProvider.tsx:10:1)
      at Object.require (node_modules/react-native-paper/src/index.tsx:13:1)
      at Object.require (src/__tests__/screens/rider/RiderScreens.test.tsx:3:1)

  console.log
    [MapboxWrapper] Module loaded: true

      at log (src/components/map/MapboxWrapper.tsx:25:17)

  console.log
    [MapboxWrapper] Module keys: [ '__esModule', 'default' ]

      at log (src/components/map/MapboxWrapper.tsx:26:17)

  console.log
    [MapboxWrapper] MapboxGLModule: true

      at log (src/components/map/MapboxWrapper.tsx:29:17)

  console.log
    [MapboxWrapper] MapboxGLModule keys: [
      'MapView',
      'Camera',
      'ShapeSource',
      'LineLayer',
      'CircleLayer',
      'PointAnnotation',
      'setAccessToken',
      'setTelemetryEnabled',
      'StyleURL'
    ]

      at log (src/components/map/MapboxWrapper.tsx:30:17)

  console.log
    [MapboxWrapper] hasSetAccessToken: true

      at log (src/components/map/MapboxWrapper.tsx:34:17)

  console.log
    [MapboxWrapper] hasMapView: true

      at log (src/components/map/MapboxWrapper.tsx:39:21)

  console.log
    [MapboxWrapper] Γ£ô Native module detected as AVAILABLE

      at log (src/components/map/MapboxWrapper.tsx:43:25)

  console.error
    An update to Icon inside a test was not wrapped in act(...).
    
    When testing, code that causes React state updates should be wrapped into act(...):
    
    act(() => {
      /* fire events that update state */
    });
    /* assert on the output */
    
    This ensures that you're testing the behavior the user would see in the browser. Learn more at https://react.dev/link/wrap-tests-with-act

      at node_modules/react-test-renderer/cjs/react-test-renderer.development.js:11801:19
      at runWithFiberInDEV (node_modules/react-test-renderer/cjs/react-test-renderer.development.js:1574:13)
      at warnIfUpdatesNotWrappedWithActDEV (node_modules/react-test-renderer/cjs/react-test-renderer.development.js:11800:9)
      at scheduleUpdateOnFiber (node_modules/react-test-renderer/cjs/react-test-renderer.development.js:10326:9)
      at Object.enqueueSetState (node_modules/react-test-renderer/cjs/react-test-renderer.development.js:14179:14)
      at Icon.Object.<anonymous>.process.env.NODE_ENV.Component.setState (node_modules/react/cjs/react.development.js:632:20)
      at Icon.setState (node_modules/@expo/vector-icons/src/createIconSet.tsx:181:31)
      at asyncGeneratorStep (node_modules/@babel/runtime/helpers/asyncToGenerator.js:3:17)
      at _next (node_modules/@babel/runtime/helpers/asyncToGenerator.js:17:9)

  console.error
    An update to Icon inside a test was not wrapped in act(...).
    
    When testing, code that causes React state updates should be wrapped into act(...):
    
    act(() => {
      /* fire events that update state */
    });
    /* assert on the output */
    
    This ensures that you're testing the behavior the user would see in the browser. Learn more at https://react.dev/link/wrap-tests-with-act

      at node_modules/react-test-renderer/cjs/react-test-renderer.development.js:11801:19
      at runWithFiberInDEV (node_modules/react-test-renderer/cjs/react-test-renderer.development.js:1574:13)
      at warnIfUpdatesNotWrappedWithActDEV (node_modules/react-test-renderer/cjs/react-test-renderer.development.js:11800:9)
      at scheduleUpdateOnFiber (node_modules/react-test-renderer/cjs/react-test-renderer.development.js:10326:9)
      at Object.enqueueSetState (node_modules/react-test-renderer/cjs/react-test-renderer.development.js:14179:14)
      at Icon.Object.<anonymous>.process.env.NODE_ENV.Component.setState (node_modules/react/cjs/react.development.js:632:20)
      at Icon.setState (node_modules/@expo/vector-icons/src/createIconSet.tsx:181:31)
      at asyncGeneratorStep (node_modules/@babel/runtime/helpers/asyncToGenerator.js:3:17)
      at _next (node_modules/@babel/runtime/helpers/asyncToGenerator.js:17:9)

  console.error
    An update to Icon inside a test was not wrapped in act(...).
    
    When testing, code that causes React state updates should be wrapped into act(...):
    
    act(() => {
      /* fire events that update state */
    });
    /* assert on the output */
    
    This ensures that you're testing the behavior the user would see in the browser. Learn more at https://react.dev/link/wrap-tests-with-act

      at node_modules/react-test-renderer/cjs/react-test-renderer.development.js:11801:19
      at runWithFiberInDEV (node_modules/react-test-renderer/cjs/react-test-renderer.development.js:1574:13)
      at warnIfUpdatesNotWrappedWithActDEV (node_modules/react-test-renderer/cjs/react-test-renderer.development.js:11800:9)
      at scheduleUpdateOnFiber (node_modules/react-test-renderer/cjs/react-test-renderer.development.js:10326:9)
      at Object.enqueueSetState (node_modules/react-test-renderer/cjs/react-test-renderer.development.js:14179:14)
      at Icon.Object.<anonymous>.process.env.NODE_ENV.Component.setState (node_modules/react/cjs/react.development.js:632:20)
      at Icon.setState (node_modules/@expo/vector-icons/src/createIconSet.tsx:181:31)
      at asyncGeneratorStep (node_modules/@babel/runtime/helpers/asyncToGenerator.js:3:17)
      at _next (node_modules/@babel/runtime/helpers/asyncToGenerator.js:17:9)

  console.error
    An update to Icon inside a test was not wrapped in act(...).
    
    When testing, code that causes React state updates should be wrapped into act(...):
    
    act(() => {
      /* fire events that update state */
    });
    /* assert on the output */
    
    This ensures that you're testing the behavior the user would see in the browser. Learn more at https://react.dev/link/wrap-tests-with-act

      at node_modules/react-test-renderer/cjs/react-test-renderer.development.js:11801:19
      at runWithFiberInDEV (node_modules/react-test-renderer/cjs/react-test-renderer.development.js:1574:13)
      at warnIfUpdatesNotWrappedWithActDEV (node_modules/react-test-renderer/cjs/react-test-renderer.development.js:11800:9)
      at scheduleUpdateOnFiber (node_modules/react-test-renderer/cjs/react-test-renderer.development.js:10326:9)
      at Object.enqueueSetState (node_modules/react-test-renderer/cjs/react-test-renderer.development.js:14179:14)
      at Icon.Object.<anonymous>.process.env.NODE_ENV.Component.setState (node_modules/react/cjs/react.development.js:632:20)
      at Icon.setState (node_modules/@expo/vector-icons/src/createIconSet.tsx:181:31)
      at asyncGeneratorStep (node_modules/@babel/runtime/helpers/asyncToGenerator.js:3:17)
      at _next (node_modules/@babel/runtime/helpers/asyncToGenerator.js:17:9)

  console.error
    An update to Icon inside a test was not wrapped in act(...).
    
    When testing, code that causes React state updates should be wrapped into act(...):
    
    act(() => {
      /* fire events that update state */
    });
    /* assert on the output */
    
    This ensures that you're testing the behavior the user would see in the browser. Learn more at https://react.dev/link/wrap-tests-with-act

      at node_modules/react-test-renderer/cjs/react-test-renderer.development.js:11801:19
      at runWithFiberInDEV (node_modules/react-test-renderer/cjs/react-test-renderer.development.js:1574:13)
      at warnIfUpdatesNotWrappedWithActDEV (node_modules/react-test-renderer/cjs/react-test-renderer.development.js:11800:9)
      at scheduleUpdateOnFiber (node_modules/react-test-renderer/cjs/react-test-renderer.development.js:10326:9)
      at Object.enqueueSetState (node_modules/react-test-renderer/cjs/react-test-renderer.development.js:14179:14)
      at Icon.Object.<anonymous>.process.env.NODE_ENV.Component.setState (node_modules/react/cjs/react.development.js:632:20)
      at Icon.setState (node_modules/@expo/vector-icons/src/createIconSet.tsx:181:31)
      at asyncGeneratorStep (node_modules/@babel/runtime/helpers/asyncToGenerator.js:3:17)
      at _next (node_modules/@babel/runtime/helpers/asyncToGenerator.js:17:9)

  console.error
    An update to Icon inside a test was not wrapped in act(...).
    
    When testing, code that causes React state updates should be wrapped into act(...):
    
    act(() => {
      /* fire events that update state */
    });
    /* assert on the output */
    
    This ensures that you're testing the behavior the user would see in the browser. Learn more at https://react.dev/link/wrap-tests-with-act

      at node_modules/react-test-renderer/cjs/react-test-renderer.development.js:11801:19
      at runWithFiberInDEV (node_modules/react-test-renderer/cjs/react-test-renderer.development.js:1574:13)
      at warnIfUpdatesNotWrappedWithActDEV (node_modules/react-test-renderer/cjs/react-test-renderer.development.js:11800:9)
      at scheduleUpdateOnFiber (node_modules/react-test-renderer/cjs/react-test-renderer.development.js:10326:9)
      at Object.enqueueSetState (node_modules/react-test-renderer/cjs/react-test-renderer.development.js:14179:14)
      at Icon.Object.<anonymous>.process.env.NODE_ENV.Component.setState (node_modules/react/cjs/react.development.js:632:20)
      at Icon.setState (node_modules/@expo/vector-icons/src/createIconSet.tsx:181:31)
      at asyncGeneratorStep (node_modules/@babel/runtime/helpers/asyncToGenerator.js:3:17)
      at _next (node_modules/@babel/runtime/helpers/asyncToGenerator.js:17:9)

  console.error
    An update to Icon inside a test was not wrapped in act(...).
    
    When testing, code that causes React state updates should be wrapped into act(...):
    
    act(() => {
      /* fire events that update state */
    });
    /* assert on the output */
    
    This ensures that you're testing the behavior the user would see in the browser. Learn more at https://react.dev/link/wrap-tests-with-act

      at node_modules/react-test-renderer/cjs/react-test-renderer.development.js:11801:19
      at runWithFiberInDEV (node_modules/react-test-renderer/cjs/react-test-renderer.development.js:1574:13)
      at warnIfUpdatesNotWrappedWithActDEV (node_modules/react-test-renderer/cjs/react-test-renderer.development.js:11800:9)
      at scheduleUpdateOnFiber (node_modules/react-test-renderer/cjs/react-test-renderer.development.js:10326:9)
      at Object.enqueueSetState (node_modules/react-test-renderer/cjs/react-test-renderer.development.js:14179:14)
      at Icon.Object.<anonymous>.process.env.NODE_ENV.Component.setState (node_modules/react/cjs/react.development.js:632:20)
      at Icon.setState (node_modules/@expo/vector-icons/src/createIconSet.tsx:181:31)
      at asyncGeneratorStep (node_modules/@babel/runtime/helpers/asyncToGenerator.js:3:17)
      at _next (node_modules/@babel/runtime/helpers/asyncToGenerator.js:17:9)

  console.error
    An update to Icon inside a test was not wrapped in act(...).
    
    When testing, code that causes React state updates should be wrapped into act(...):
    
    act(() => {
      /* fire events that update state */
    });
    /* assert on the output */
    
    This ensures that you're testing the behavior the user would see in the browser. Learn more at https://react.dev/link/wrap-tests-with-act

      at node_modules/react-test-renderer/cjs/react-test-renderer.development.js:11801:19
      at runWithFiberInDEV (node_modules/react-test-renderer/cjs/react-test-renderer.development.js:1574:13)
      at warnIfUpdatesNotWrappedWithActDEV (node_modules/react-test-renderer/cjs/react-test-renderer.development.js:11800:9)
      at scheduleUpdateOnFiber (node_modules/react-test-renderer/cjs/react-test-renderer.development.js:10326:9)
      at Object.enqueueSetState (node_modules/react-test-renderer/cjs/react-test-renderer.development.js:14179:14)
      at Icon.Object.<anonymous>.process.env.NODE_ENV.Component.setState (node_modules/react/cjs/react.development.js:632:20)
      at Icon.setState (node_modules/@expo/vector-icons/src/createIconSet.tsx:181:31)
      at asyncGeneratorStep (node_modules/@babel/runtime/helpers/asyncToGenerator.js:3:17)
      at _next (node_modules/@babel/runtime/helpers/asyncToGenerator.js:17:9)

  console.error
    An update to Icon inside a test was not wrapped in act(...).
    
    When testing, code that causes React state updates should be wrapped into act(...):
    
    act(() => {
      /* fire events that update state */
    });
    /* assert on the output */
    
    This ensures that you're testing the behavior the user would see in the browser. Learn more at https://react.dev/link/wrap-tests-with-act

      at node_modules/react-test-renderer/cjs/react-test-renderer.development.js:11801:19
      at runWithFiberInDEV (node_modules/react-test-renderer/cjs/react-test-renderer.development.js:1574:13)
      at warnIfUpdatesNotWrappedWithActDEV (node_modules/react-test-renderer/cjs/react-test-renderer.development.js:11800:9)
      at scheduleUpdateOnFiber (node_modules/react-test-renderer/cjs/react-test-renderer.development.js:10326:9)
      at Object.enqueueSetState (node_modules/react-test-renderer/cjs/react-test-renderer.development.js:14179:14)
      at Icon.Object.<anonymous>.process.env.NODE_ENV.Component.setState (node_modules/react/cjs/react.development.js:632:20)
      at Icon.setState (node_modules/@expo/vector-icons/src/createIconSet.tsx:181:31)
      at asyncGeneratorStep (node_modules/@babel/runtime/helpers/asyncToGenerator.js:3:17)
      at _next (node_modules/@babel/runtime/helpers/asyncToGenerator.js:17:9)

  console.error
    An update to Icon inside a test was not wrapped in act(...).
    
    When testing, code that causes React state updates should be wrapped into act(...):
    
    act(() => {
      /* fire events that update state */
    });
    /* assert on the output */
    
    This ensures that you're testing the behavior the user would see in the browser. Learn more at https://react.dev/link/wrap-tests-with-act

      at node_modules/react-test-renderer/cjs/react-test-renderer.development.js:11801:19
      at runWithFiberInDEV (node_modules/react-test-renderer/cjs/react-test-renderer.development.js:1574:13)
      at warnIfUpdatesNotWrappedWithActDEV (node_modules/react-test-renderer/cjs/react-test-renderer.development.js:11800:9)
      at scheduleUpdateOnFiber (node_modules/react-test-renderer/cjs/react-test-renderer.development.js:10326:9)
      at Object.enqueueSetState (node_modules/react-test-renderer/cjs/react-test-renderer.development.js:14179:14)
      at Icon.Object.<anonymous>.process.env.NODE_ENV.Component.setState (node_modules/react/cjs/react.development.js:632:20)
      at Icon.setState (node_modules/@expo/vector-icons/src/createIconSet.tsx:181:31)
      at asyncGeneratorStep (node_modules/@babel/runtime/helpers/asyncToGenerator.js:3:17)
      at _next (node_modules/@babel/runtime/helpers/asyncToGenerator.js:17:9)

  console.error
    An update to Icon inside a test was not wrapped in act(...).
    
    When testing, code that causes React state updates should be wrapped into act(...):
    
    act(() => {
      /* fire events that update state */
    });
    /* assert on the output */
    
    This ensures that you're testing the behavior the user would see in the browser. Learn more at https://react.dev/link/wrap-tests-with-act

      at node_modules/react-test-renderer/cjs/react-test-renderer.development.js:11801:19
      at runWithFiberInDEV (node_modules/react-test-renderer/cjs/react-test-renderer.development.js:1574:13)
      at warnIfUpdatesNotWrappedWithActDEV (node_modules/react-test-renderer/cjs/react-test-renderer.development.js:11800:9)
      at scheduleUpdateOnFiber (node_modules/react-test-renderer/cjs/react-test-renderer.development.js:10326:9)
      at Object.enqueueSetState (node_modules/react-test-renderer/cjs/react-test-renderer.development.js:14179:14)
      at Icon.Object.<anonymous>.process.env.NODE_ENV.Component.setState (node_modules/react/cjs/react.development.js:632:20)
      at Icon.setState (node_modules/@expo/vector-icons/src/createIconSet.tsx:181:31)
      at asyncGeneratorStep (node_modules/@babel/runtime/helpers/asyncToGenerator.js:3:17)
      at _next (node_modules/@babel/runtime/helpers/asyncToGenerator.js:17:9)

  console.error
    An update to Icon inside a test was not wrapped in act(...).
    
    When testing, code that causes React state updates should be wrapped into act(...):
    
    act(() => {
      /* fire events that update state */
    });
    /* assert on the output */
    
    This ensures that you're testing the behavior the user would see in the browser. Learn more at https://react.dev/link/wrap-tests-with-act

      at node_modules/react-test-renderer/cjs/react-test-renderer.development.js:11801:19
      at runWithFiberInDEV (node_modules/react-test-renderer/cjs/react-test-renderer.development.js:1574:13)
      at warnIfUpdatesNotWrappedWithActDEV (node_modules/react-test-renderer/cjs/react-test-renderer.development.js:11800:9)
      at scheduleUpdateOnFiber (node_modules/react-test-renderer/cjs/react-test-renderer.development.js:10326:9)
      at Object.enqueueSetState (node_modules/react-test-renderer/cjs/react-test-renderer.development.js:14179:14)
      at Icon.Object.<anonymous>.process.env.NODE_ENV.Component.setState (node_modules/react/cjs/react.development.js:632:20)
      at Icon.setState (node_modules/@expo/vector-icons/src/createIconSet.tsx:181:31)
      at asyncGeneratorStep (node_modules/@babel/runtime/helpers/asyncToGenerator.js:3:17)
      at _next (node_modules/@babel/runtime/helpers/asyncToGenerator.js:17:9)

  console.error
    An update to Icon inside a test was not wrapped in act(...).
    
    When testing, code that causes React state updates should be wrapped into act(...):
    
    act(() => {
      /* fire events that update state */
    });
    /* assert on the output */
    
    This ensures that you're testing the behavior the user would see in the browser. Learn more at https://react.dev/link/wrap-tests-with-act

      at node_modules/react-test-renderer/cjs/react-test-renderer.development.js:11801:19
      at runWithFiberInDEV (node_modules/react-test-renderer/cjs/react-test-renderer.development.js:1574:13)
      at warnIfUpdatesNotWrappedWithActDEV (node_modules/react-test-renderer/cjs/react-test-renderer.development.js:11800:9)
      at scheduleUpdateOnFiber (node_modules/react-test-renderer/cjs/react-test-renderer.development.js:10326:9)
      at Object.enqueueSetState (node_modules/react-test-renderer/cjs/react-test-renderer.development.js:14179:14)
      at Icon.Object.<anonymous>.process.env.NODE_ENV.Component.setState (node_modules/react/cjs/react.development.js:632:20)
      at Icon.setState (node_modules/@expo/vector-icons/src/createIconSet.tsx:181:31)
      at asyncGeneratorStep (node_modules/@babel/runtime/helpers/asyncToGenerator.js:3:17)
      at _next (node_modules/@babel/runtime/helpers/asyncToGenerator.js:17:9)

  console.error
    An update to Icon inside a test was not wrapped in act(...).
    
    When testing, code that causes React state updates should be wrapped into act(...):
    
    act(() => {
      /* fire events that update state */
    });
    /* assert on the output */
    
    This ensures that you're testing the behavior the user would see in the browser. Learn more at https://react.dev/link/wrap-tests-with-act

      at node_modules/react-test-renderer/cjs/react-test-renderer.development.js:11801:19
      at runWithFiberInDEV (node_modules/react-test-renderer/cjs/react-test-renderer.development.js:1574:13)
      at warnIfUpdatesNotWrappedWithActDEV (node_modules/react-test-renderer/cjs/react-test-renderer.development.js:11800:9)
      at scheduleUpdateOnFiber (node_modules/react-test-renderer/cjs/react-test-renderer.development.js:10326:9)
      at Object.enqueueSetState (node_modules/react-test-renderer/cjs/react-test-renderer.development.js:14179:14)
      at Icon.Object.<anonymous>.process.env.NODE_ENV.Component.setState (node_modules/react/cjs/react.development.js:632:20)
      at Icon.setState (node_modules/@expo/vector-icons/src/createIconSet.tsx:181:31)
      at asyncGeneratorStep (node_modules/@babel/runtime/helpers/asyncToGenerator.js:3:17)
      at _next (node_modules/@babel/runtime/helpers/asyncToGenerator.js:17:9)

  console.error
    An update to Icon inside a test was not wrapped in act(...).
    
    When testing, code that causes React state updates should be wrapped into act(...):
    
    act(() => {
      /* fire events that update state */
    });
    /* assert on the output */
    
    This ensures that you're testing the behavior the user would see in the browser. Learn more at https://react.dev/link/wrap-tests-with-act

      at node_modules/react-test-renderer/cjs/react-test-renderer.development.js:11801:19
      at runWithFiberInDEV (node_modules/react-test-renderer/cjs/react-test-renderer.development.js:1574:13)
      at warnIfUpdatesNotWrappedWithActDEV (node_modules/react-test-renderer/cjs/react-test-renderer.development.js:11800:9)
      at scheduleUpdateOnFiber (node_modules/react-test-renderer/cjs/react-test-renderer.development.js:10326:9)
      at Object.enqueueSetState (node_modules/react-test-renderer/cjs/react-test-renderer.development.js:14179:14)
      at Icon.Object.<anonymous>.process.env.NODE_ENV.Component.setState (node_modules/react/cjs/react.development.js:632:20)
      at Icon.setState (node_modules/@expo/vector-icons/src/createIconSet.tsx:181:31)
      at asyncGeneratorStep (node_modules/@babel/runtime/helpers/asyncToGenerator.js:3:17)
      at _next (node_modules/@babel/runtime/helpers/asyncToGenerator.js:17:9)

  console.error
    An update to Icon inside a test was not wrapped in act(...).
    
    When testing, code that causes React state updates should be wrapped into act(...):
    
    act(() => {
      /* fire events that update state */
    });
    /* assert on the output */
    
    This ensures that you're testing the behavior the user would see in the browser. Learn more at https://react.dev/link/wrap-tests-with-act

      at node_modules/react-test-renderer/cjs/react-test-renderer.development.js:11801:19
      at runWithFiberInDEV (node_modules/react-test-renderer/cjs/react-test-renderer.development.js:1574:13)
      at warnIfUpdatesNotWrappedWithActDEV (node_modules/react-test-renderer/cjs/react-test-renderer.development.js:11800:9)
      at scheduleUpdateOnFiber (node_modules/react-test-renderer/cjs/react-test-renderer.development.js:10326:9)
      at Object.enqueueSetState (node_modules/react-test-renderer/cjs/react-test-renderer.development.js:14179:14)
      at Icon.Object.<anonymous>.process.env.NODE_ENV.Component.setState (node_modules/react/cjs/react.development.js:632:20)
      at Icon.setState (node_modules/@expo/vector-icons/src/createIconSet.tsx:181:31)
      at asyncGeneratorStep (node_modules/@babel/runtime/helpers/asyncToGenerator.js:3:17)
      at _next (node_modules/@babel/runtime/helpers/asyncToGenerator.js:17:9)

  console.error
    An update to Icon inside a test was not wrapped in act(...).
    
    When testing, code that causes React state updates should be wrapped into act(...):
    
    act(() => {
      /* fire events that update state */
    });
    /* assert on the output */
    
    This ensures that you're testing the behavior the user would see in the browser. Learn more at https://react.dev/link/wrap-tests-with-act

      at node_modules/react-test-renderer/cjs/react-test-renderer.development.js:11801:19
      at runWithFiberInDEV (node_modules/react-test-renderer/cjs/react-test-renderer.development.js:1574:13)
      at warnIfUpdatesNotWrappedWithActDEV (node_modules/react-test-renderer/cjs/react-test-renderer.development.js:11800:9)
      at scheduleUpdateOnFiber (node_modules/react-test-renderer/cjs/react-test-renderer.development.js:10326:9)
      at Object.enqueueSetState (node_modules/react-test-renderer/cjs/react-test-renderer.development.js:14179:14)
      at Icon.Object.<anonymous>.process.env.NODE_ENV.Component.setState (node_modules/react/cjs/react.development.js:632:20)
      at Icon.setState (node_modules/@expo/vector-icons/src/createIconSet.tsx:181:31)
      at asyncGeneratorStep (node_modules/@babel/runtime/helpers/asyncToGenerator.js:3:17)
      at _next (node_modules/@babel/runtime/helpers/asyncToGenerator.js:17:9)

  console.error
    An update to Icon inside a test was not wrapped in act(...).
    
    When testing, code that causes React state updates should be wrapped into act(...):
    
    act(() => {
      /* fire events that update state */
    });
    /* assert on the output */
    
    This ensures that you're testing the behavior the user would see in the browser. Learn more at https://react.dev/link/wrap-tests-with-act

      at node_modules/react-test-renderer/cjs/react-test-renderer.development.js:11801:19
      at runWithFiberInDEV (node_modules/react-test-renderer/cjs/react-test-renderer.development.js:1574:13)
      at warnIfUpdatesNotWrappedWithActDEV (node_modules/react-test-renderer/cjs/react-test-renderer.development.js:11800:9)
      at scheduleUpdateOnFiber (node_modules/react-test-renderer/cjs/react-test-renderer.development.js:10326:9)
      at Object.enqueueSetState (node_modules/react-test-renderer/cjs/react-test-renderer.development.js:14179:14)
      at Icon.Object.<anonymous>.process.env.NODE_ENV.Component.setState (node_modules/react/cjs/react.development.js:632:20)
      at Icon.setState (node_modules/@expo/vector-icons/src/createIconSet.tsx:181:31)
      at asyncGeneratorStep (node_modules/@babel/runtime/helpers/asyncToGenerator.js:3:17)
      at _next (node_modules/@babel/runtime/helpers/asyncToGenerator.js:17:9)

  console.error
    An update to Icon inside a test was not wrapped in act(...).
    
    When testing, code that causes React state updates should be wrapped into act(...):
    
    act(() => {
      /* fire events that update state */
    });
    /* assert on the output */
    
    This ensures that you're testing the behavior the user would see in the browser. Learn more at https://react.dev/link/wrap-tests-with-act

      at node_modules/react-test-renderer/cjs/react-test-renderer.development.js:11801:19
      at runWithFiberInDEV (node_modules/react-test-renderer/cjs/react-test-renderer.development.js:1574:13)
      at warnIfUpdatesNotWrappedWithActDEV (node_modules/react-test-renderer/cjs/react-test-renderer.development.js:11800:9)
      at scheduleUpdateOnFiber (node_modules/react-test-renderer/cjs/react-test-renderer.development.js:10326:9)
      at Object.enqueueSetState (node_modules/react-test-renderer/cjs/react-test-renderer.development.js:14179:14)
      at Icon.Object.<anonymous>.process.env.NODE_ENV.Component.setState (node_modules/react/cjs/react.development.js:632:20)
      at Icon.setState (node_modules/@expo/vector-icons/src/createIconSet.tsx:181:31)
      at asyncGeneratorStep (node_modules/@babel/runtime/helpers/asyncToGenerator.js:3:17)
      at _next (node_modules/@babel/runtime/helpers/asyncToGenerator.js:17:9)

  console.error
    An update to Icon inside a test was not wrapped in act(...).
    
    When testing, code that causes React state updates should be wrapped into act(...):
    
    act(() => {
      /* fire events that update state */
    });
    /* assert on the output */
    
    This ensures that you're testing the behavior the user would see in the browser. Learn more at https://react.dev/link/wrap-tests-with-act

      at node_modules/react-test-renderer/cjs/react-test-renderer.development.js:11801:19
      at runWithFiberInDEV (node_modules/react-test-renderer/cjs/react-test-renderer.development.js:1574:13)
      at warnIfUpdatesNotWrappedWithActDEV (node_modules/react-test-renderer/cjs/react-test-renderer.development.js:11800:9)
      at scheduleUpdateOnFiber (node_modules/react-test-renderer/cjs/react-test-renderer.development.js:10326:9)
      at Object.enqueueSetState (node_modules/react-test-renderer/cjs/react-test-renderer.development.js:14179:14)
      at Icon.Object.<anonymous>.process.env.NODE_ENV.Component.setState (node_modules/react/cjs/react.development.js:632:20)
      at Icon.setState (node_modules/@expo/vector-icons/src/createIconSet.tsx:181:31)
      at asyncGeneratorStep (node_modules/@babel/runtime/helpers/asyncToGenerator.js:3:17)
      at _next (node_modules/@babel/runtime/helpers/asyncToGenerator.js:17:9)

  console.error
    An update to Icon inside a test was not wrapped in act(...).
    
    When testing, code that causes React state updates should be wrapped into act(...):
    
    act(() => {
      /* fire events that update state */
    });
    /* assert on the output */
    
    This ensures that you're testing the behavior the user would see in the browser. Learn more at https://react.dev/link/wrap-tests-with-act

      at node_modules/react-test-renderer/cjs/react-test-renderer.development.js:11801:19
      at runWithFiberInDEV (node_modules/react-test-renderer/cjs/react-test-renderer.development.js:1574:13)
      at warnIfUpdatesNotWrappedWithActDEV (node_modules/react-test-renderer/cjs/react-test-renderer.development.js:11800:9)
      at scheduleUpdateOnFiber (node_modules/react-test-renderer/cjs/react-test-renderer.development.js:10326:9)
      at Object.enqueueSetState (node_modules/react-test-renderer/cjs/react-test-renderer.development.js:14179:14)
      at Icon.Object.<anonymous>.process.env.NODE_ENV.Component.setState (node_modules/react/cjs/react.development.js:632:20)
      at Icon.setState (node_modules/@expo/vector-icons/src/createIconSet.tsx:181:31)
      at asyncGeneratorStep (node_modules/@babel/runtime/helpers/asyncToGenerator.js:3:17)
      at _next (node_modules/@babel/runtime/helpers/asyncToGenerator.js:17:9)

  console.error
    An update to Icon inside a test was not wrapped in act(...).
    
    When testing, code that causes React state updates should be wrapped into act(...):
    
    act(() => {
      /* fire events that update state */
    });
    /* assert on the output */
    
    This ensures that you're testing the behavior the user would see in the browser. Learn more at https://react.dev/link/wrap-tests-with-act

      at node_modules/react-test-renderer/cjs/react-test-renderer.development.js:11801:19
      at runWithFiberInDEV (node_modules/react-test-renderer/cjs/react-test-renderer.development.js:1574:13)
      at warnIfUpdatesNotWrappedWithActDEV (node_modules/react-test-renderer/cjs/react-test-renderer.development.js:11800:9)
      at scheduleUpdateOnFiber (node_modules/react-test-renderer/cjs/react-test-renderer.development.js:10326:9)
      at Object.enqueueSetState (node_modules/react-test-renderer/cjs/react-test-renderer.development.js:14179:14)
      at Icon.Object.<anonymous>.process.env.NODE_ENV.Component.setState (node_modules/react/cjs/react.development.js:632:20)
      at Icon.setState (node_modules/@expo/vector-icons/src/createIconSet.tsx:181:31)
      at asyncGeneratorStep (node_modules/@babel/runtime/helpers/asyncToGenerator.js:3:17)
      at _next (node_modules/@babel/runtime/helpers/asyncToGenerator.js:17:9)

  console.error
    An update to Icon inside a test was not wrapped in act(...).
    
    When testing, code that causes React state updates should be wrapped into act(...):
    
    act(() => {
      /* fire events that update state */
    });
    /* assert on the output */
    
    This ensures that you're testing the behavior the user would see in the browser. Learn more at https://react.dev/link/wrap-tests-with-act

      at node_modules/react-test-renderer/cjs/react-test-renderer.development.js:11801:19
      at runWithFiberInDEV (node_modules/react-test-renderer/cjs/react-test-renderer.development.js:1574:13)
      at warnIfUpdatesNotWrappedWithActDEV (node_modules/react-test-renderer/cjs/react-test-renderer.development.js:11800:9)
      at scheduleUpdateOnFiber (node_modules/react-test-renderer/cjs/react-test-renderer.development.js:10326:9)
      at Object.enqueueSetState (node_modules/react-test-renderer/cjs/react-test-renderer.development.js:14179:14)
      at Icon.Object.<anonymous>.process.env.NODE_ENV.Component.setState (node_modules/react/cjs/react.development.js:632:20)
      at Icon.setState (node_modules/@expo/vector-icons/src/createIconSet.tsx:181:31)
      at asyncGeneratorStep (node_modules/@babel/runtime/helpers/asyncToGenerator.js:3:17)
      at _next (node_modules/@babel/runtime/helpers/asyncToGenerator.js:17:9)

  console.error
    An update to Icon inside a test was not wrapped in act(...).
    
    When testing, code that causes React state updates should be wrapped into act(...):
    
    act(() => {
      /* fire events that update state */
    });
    /* assert on the output */
    
    This ensures that you're testing the behavior the user would see in the browser. Learn more at https://react.dev/link/wrap-tests-with-act

      at node_modules/react-test-renderer/cjs/react-test-renderer.development.js:11801:19
      at runWithFiberInDEV (node_modules/react-test-renderer/cjs/react-test-renderer.development.js:1574:13)
      at warnIfUpdatesNotWrappedWithActDEV (node_modules/react-test-renderer/cjs/react-test-renderer.development.js:11800:9)
      at scheduleUpdateOnFiber (node_modules/react-test-renderer/cjs/react-test-renderer.development.js:10326:9)
      at Object.enqueueSetState (node_modules/react-test-renderer/cjs/react-test-renderer.development.js:14179:14)
      at Icon.Object.<anonymous>.process.env.NODE_ENV.Component.setState (node_modules/react/cjs/react.development.js:632:20)
      at Icon.setState (node_modules/@expo/vector-icons/src/createIconSet.tsx:181:31)
      at asyncGeneratorStep (node_modules/@babel/runtime/helpers/asyncToGenerator.js:3:17)
      at _next (node_modules/@babel/runtime/helpers/asyncToGenerator.js:17:9)

  console.error
    An update to Icon inside a test was not wrapped in act(...).
    
    When testing, code that causes React state updates should be wrapped into act(...):
    
    act(() => {
      /* fire events that update state */
    });
    /* assert on the output */
    
    This ensures that you're testing the behavior the user would see in the browser. Learn more at https://react.dev/link/wrap-tests-with-act

      at node_modules/react-test-renderer/cjs/react-test-renderer.development.js:11801:19
      at runWithFiberInDEV (node_modules/react-test-renderer/cjs/react-test-renderer.development.js:1574:13)
      at warnIfUpdatesNotWrappedWithActDEV (node_modules/react-test-renderer/cjs/react-test-renderer.development.js:11800:9)
      at scheduleUpdateOnFiber (node_modules/react-test-renderer/cjs/react-test-renderer.development.js:10326:9)
      at Object.enqueueSetState (node_modules/react-test-renderer/cjs/react-test-renderer.development.js:14179:14)
      at Icon.Object.<anonymous>.process.env.NODE_ENV.Component.setState (node_modules/react/cjs/react.development.js:632:20)
      at Icon.setState (node_modules/@expo/vector-icons/src/createIconSet.tsx:181:31)
      at asyncGeneratorStep (node_modules/@babel/runtime/helpers/asyncToGenerator.js:3:17)
      at _next (node_modules/@babel/runtime/helpers/asyncToGenerator.js:17:9)

  console.error
    An update to Icon inside a test was not wrapped in act(...).
    
    When testing, code that causes React state updates should be wrapped into act(...):
    
    act(() => {
      /* fire events that update state */
    });
    /* assert on the output */
    
    This ensures that you're testing the behavior the user would see in the browser. Learn more at https://react.dev/link/wrap-tests-with-act

      at node_modules/react-test-renderer/cjs/react-test-renderer.development.js:11801:19
      at runWithFiberInDEV (node_modules/react-test-renderer/cjs/react-test-renderer.development.js:1574:13)
      at warnIfUpdatesNotWrappedWithActDEV (node_modules/react-test-renderer/cjs/react-test-renderer.development.js:11800:9)
      at scheduleUpdateOnFiber (node_modules/react-test-renderer/cjs/react-test-renderer.development.js:10326:9)
      at Object.enqueueSetState (node_modules/react-test-renderer/cjs/react-test-renderer.development.js:14179:14)
      at Icon.Object.<anonymous>.process.env.NODE_ENV.Component.setState (node_modules/react/cjs/react.development.js:632:20)
      at Icon.setState (node_modules/@expo/vector-icons/src/createIconSet.tsx:181:31)
      at asyncGeneratorStep (node_modules/@babel/runtime/helpers/asyncToGenerator.js:3:17)
      at _next (node_modules/@babel/runtime/helpers/asyncToGenerator.js:17:9)

  console.error
    An update to Icon inside a test was not wrapped in act(...).
    
    When testing, code that causes React state updates should be wrapped into act(...):
    
    act(() => {
      /* fire events that update state */
    });
    /* assert on the output */
    
    This ensures that you're testing the behavior the user would see in the browser. Learn more at https://react.dev/link/wrap-tests-with-act

      at node_modules/react-test-renderer/cjs/react-test-renderer.development.js:11801:19
      at runWithFiberInDEV (node_modules/react-test-renderer/cjs/react-test-renderer.development.js:1574:13)
      at warnIfUpdatesNotWrappedWithActDEV (node_modules/react-test-renderer/cjs/react-test-renderer.development.js:11800:9)
      at scheduleUpdateOnFiber (node_modules/react-test-renderer/cjs/react-test-renderer.development.js:10326:9)
      at Object.enqueueSetState (node_modules/react-test-renderer/cjs/react-test-renderer.development.js:14179:14)
      at Icon.Object.<anonymous>.process.env.NODE_ENV.Component.setState (node_modules/react/cjs/react.development.js:632:20)
      at Icon.setState (node_modules/@expo/vector-icons/src/createIconSet.tsx:181:31)
      at asyncGeneratorStep (node_modules/@babel/runtime/helpers/asyncToGenerator.js:3:17)
      at _next (node_modules/@babel/runtime/helpers/asyncToGenerator.js:17:9)

  console.error
    An update to Icon inside a test was not wrapped in act(...).
    
    When testing, code that causes React state updates should be wrapped into act(...):
    
    act(() => {
      /* fire events that update state */
    });
    /* assert on the output */
    
    This ensures that you're testing the behavior the user would see in the browser. Learn more at https://react.dev/link/wrap-tests-with-act

      at node_modules/react-test-renderer/cjs/react-test-renderer.development.js:11801:19
      at runWithFiberInDEV (node_modules/react-test-renderer/cjs/react-test-renderer.development.js:1574:13)
      at warnIfUpdatesNotWrappedWithActDEV (node_modules/react-test-renderer/cjs/react-test-renderer.development.js:11800:9)
      at scheduleUpdateOnFiber (node_modules/react-test-renderer/cjs/react-test-renderer.development.js:10326:9)
      at Object.enqueueSetState (node_modules/react-test-renderer/cjs/react-test-renderer.development.js:14179:14)
      at Icon.Object.<anonymous>.process.env.NODE_ENV.Component.setState (node_modules/react/cjs/react.development.js:632:20)
      at Icon.setState (node_modules/@expo/vector-icons/src/createIconSet.tsx:181:31)
      at asyncGeneratorStep (node_modules/@babel/runtime/helpers/asyncToGenerator.js:3:17)
      at _next (node_modules/@babel/runtime/helpers/asyncToGenerator.js:17:9)

  console.error
    An update to Icon inside a test was not wrapped in act(...).
    
    When testing, code that causes React state updates should be wrapped into act(...):
    
    act(() => {
      /* fire events that update state */
    });
    /* assert on the output */
    
    This ensures that you're testing the behavior the user would see in the browser. Learn more at https://react.dev/link/wrap-tests-with-act

      at node_modules/react-test-renderer/cjs/react-test-renderer.development.js:11801:19
      at runWithFiberInDEV (node_modules/react-test-renderer/cjs/react-test-renderer.development.js:1574:13)
      at warnIfUpdatesNotWrappedWithActDEV (node_modules/react-test-renderer/cjs/react-test-renderer.development.js:11800:9)
      at scheduleUpdateOnFiber (node_modules/react-test-renderer/cjs/react-test-renderer.development.js:10326:9)
      at Object.enqueueSetState (node_modules/react-test-renderer/cjs/react-test-renderer.development.js:14179:14)
      at Icon.Object.<anonymous>.process.env.NODE_ENV.Component.setState (node_modules/react/cjs/react.development.js:632:20)
      at Icon.setState (node_modules/@expo/vector-icons/src/createIconSet.tsx:181:31)
      at asyncGeneratorStep (node_modules/@babel/runtime/helpers/asyncToGenerator.js:3:17)
      at _next (node_modules/@babel/runtime/helpers/asyncToGenerator.js:17:9)

  console.error
    An update to Icon inside a test was not wrapped in act(...).
    
    When testing, code that causes React state updates should be wrapped into act(...):
    
    act(() => {
      /* fire events that update state */
    });
    /* assert on the output */
    
    This ensures that you're testing the behavior the user would see in the browser. Learn more at https://react.dev/link/wrap-tests-with-act

      at node_modules/react-test-renderer/cjs/react-test-renderer.development.js:11801:19
      at runWithFiberInDEV (node_modules/react-test-renderer/cjs/react-test-renderer.development.js:1574:13)
      at warnIfUpdatesNotWrappedWithActDEV (node_modules/react-test-renderer/cjs/react-test-renderer.development.js:11800:9)
      at scheduleUpdateOnFiber (node_modules/react-test-renderer/cjs/react-test-renderer.development.js:10326:9)
      at Object.enqueueSetState (node_modules/react-test-renderer/cjs/react-test-renderer.development.js:14179:14)
      at Icon.Object.<anonymous>.process.env.NODE_ENV.Component.setState (node_modules/react/cjs/react.development.js:632:20)
      at Icon.setState (node_modules/@expo/vector-icons/src/createIconSet.tsx:181:31)
      at asyncGeneratorStep (node_modules/@babel/runtime/helpers/asyncToGenerator.js:3:17)
      at _next (node_modules/@babel/runtime/helpers/asyncToGenerator.js:17:9)

  console.error
    An update to Icon inside a test was not wrapped in act(...).
    
    When testing, code that causes React state updates should be wrapped into act(...):
    
    act(() => {
      /* fire events that update state */
    });
    /* assert on the output */
    
    This ensures that you're testing the behavior the user would see in the browser. Learn more at https://react.dev/link/wrap-tests-with-act

      at node_modules/react-test-renderer/cjs/react-test-renderer.development.js:11801:19
      at runWithFiberInDEV (node_modules/react-test-renderer/cjs/react-test-renderer.development.js:1574:13)
      at warnIfUpdatesNotWrappedWithActDEV (node_modules/react-test-renderer/cjs/react-test-renderer.development.js:11800:9)
      at scheduleUpdateOnFiber (node_modules/react-test-renderer/cjs/react-test-renderer.development.js:10326:9)
      at Object.enqueueSetState (node_modules/react-test-renderer/cjs/react-test-renderer.development.js:14179:14)
      at Icon.Object.<anonymous>.process.env.NODE_ENV.Component.setState (node_modules/react/cjs/react.development.js:632:20)
      at Icon.setState (node_modules/@expo/vector-icons/src/createIconSet.tsx:181:31)
      at asyncGeneratorStep (node_modules/@babel/runtime/helpers/asyncToGenerator.js:3:17)
      at _next (node_modules/@babel/runtime/helpers/asyncToGenerator.js:17:9)

  console.error
    An update to Icon inside a test was not wrapped in act(...).
    
    When testing, code that causes React state updates should be wrapped into act(...):
    
    act(() => {
      /* fire events that update state */
    });
    /* assert on the output */
    
    This ensures that you're testing the behavior the user would see in the browser. Learn more at https://react.dev/link/wrap-tests-with-act

      at node_modules/react-test-renderer/cjs/react-test-renderer.development.js:11801:19
      at runWithFiberInDEV (node_modules/react-test-renderer/cjs/react-test-renderer.development.js:1574:13)
      at warnIfUpdatesNotWrappedWithActDEV (node_modules/react-test-renderer/cjs/react-test-renderer.development.js:11800:9)
      at scheduleUpdateOnFiber (node_modules/react-test-renderer/cjs/react-test-renderer.development.js:10326:9)
      at Object.enqueueSetState (node_modules/react-test-renderer/cjs/react-test-renderer.development.js:14179:14)
      at Icon.Object.<anonymous>.process.env.NODE_ENV.Component.setState (node_modules/react/cjs/react.development.js:632:20)
      at Icon.setState (node_modules/@expo/vector-icons/src/createIconSet.tsx:181:31)
      at asyncGeneratorStep (node_modules/@babel/runtime/helpers/asyncToGenerator.js:3:17)
      at _next (node_modules/@babel/runtime/helpers/asyncToGenerator.js:17:9)

  console.error
    An update to ReturnPackageScreen inside a test was not wrapped in act(...).
    
    When testing, code that causes React state updates should be wrapped into act(...):
    
    act(() => {
      /* fire events that update state */
    });
    /* assert on the output */
    
    This ensures that you're testing the behavior the user would see in the browser. Learn more at https://react.dev/link/wrap-tests-with-act

    [0m [90m 71 |[39m
     [90m 72 |[39m             [36mconst[39m location [33m=[39m [36mawait[39m [33mLocation[39m[33m.[39mgetCurrentPositionAsync({})[33m;[39m
    [31m[1m>[22m[39m[90m 73 |[39m             setRiderLocation(location)[33m;[39m
     [90m    |[39m             [31m[1m^[22m[39m
     [90m 74 |[39m
     [90m 75 |[39m             [90m// Calculate distance using Haversine[39m
     [90m 76 |[39m             [36mconst[39m [33mR[39m [33m=[39m [35m6371[39m[33m;[39m [90m// Earth's radius in km[39m[0m

      at node_modules/react-test-renderer/cjs/react-test-renderer.development.js:11801:19
      at runWithFiberInDEV (node_modules/react-test-renderer/cjs/react-test-renderer.development.js:1574:13)
      at warnIfUpdatesNotWrappedWithActDEV (node_modules/react-test-renderer/cjs/react-test-renderer.development.js:11800:9)
      at scheduleUpdateOnFiber (node_modules/react-test-renderer/cjs/react-test-renderer.development.js:10326:9)
      at dispatchSetStateInternal (node_modules/react-test-renderer/cjs/react-test-renderer.development.js:4148:13)
      at dispatchSetState (node_modules/react-test-renderer/cjs/react-test-renderer.development.js:4107:7)
      at setRiderLocation (src/screens/rider/ReturnPackageScreen.tsx:73:13)
      at asyncGeneratorStep (node_modules/@babel/runtime/helpers/asyncToGenerator.js:3:17)
      at _next (node_modules/@babel/runtime/helpers/asyncToGenerator.js:17:9)

  console.error
    An update to ReturnPackageScreen inside a test was not wrapped in act(...).
    
    When testing, code that causes React state updates should be wrapped into act(...):
    
    act(() => {
      /* fire events that update state */
    });
    /* assert on the output */
    
    This ensures that you're testing the behavior the user would see in the browser. Learn more at https://react.dev/link/wrap-tests-with-act

    [0m [90m 84 |[39m             [36mconst[39m d [33m=[39m [33mR[39m [33m*[39m c[33m;[39m
     [90m 85 |[39m
    [31m[1m>[22m[39m[90m 86 |[39m             setDistance(d [33m<[39m [35m1[39m [33m?[39m [32m`${Math.round(d * 1000)} m`[39m [33m:[39m [32m`${d.toFixed(1)} km`[39m)[33m;[39m
     [90m    |[39m             [31m[1m^[22m[39m
     [90m 87 |[39m
     [90m 88 |[39m             [90m// Auto-detect arrival (within 100m)[39m
     [90m 89 |[39m             [36mif[39m (d [33m<[39m [35m0.1[39m [33m&&[39m currentStep [33m===[39m [32m'NAVIGATING'[39m) {[0m

      at node_modules/react-test-renderer/cjs/react-test-renderer.development.js:11801:19
      at runWithFiberInDEV (node_modules/react-test-renderer/cjs/react-test-renderer.development.js:1574:13)
      at warnIfUpdatesNotWrappedWithActDEV (node_modules/react-test-renderer/cjs/react-test-renderer.development.js:11800:9)
      at scheduleUpdateOnFiber (node_modules/react-test-renderer/cjs/react-test-renderer.development.js:10326:9)
      at dispatchSetStateInternal (node_modules/react-test-renderer/cjs/react-test-renderer.development.js:4148:13)
      at dispatchSetState (node_modules/react-test-renderer/cjs/react-test-renderer.development.js:4107:7)
      at setDistance (src/screens/rider/ReturnPackageScreen.tsx:86:13)
      at asyncGeneratorStep (node_modules/@babel/runtime/helpers/asyncToGenerator.js:3:17)
      at _next (node_modules/@babel/runtime/helpers/asyncToGenerator.js:17:9)

  console.error
    An update to TrackMyBoxScreen inside a test was not wrapped in act(...).
    
    When testing, code that causes React state updates should be wrapped into act(...):
    
    act(() => {
      /* fire events that update state */
    });
    /* assert on the output */
    
    This ensures that you're testing the behavior the user would see in the browser. Learn more at https://react.dev/link/wrap-tests-with-act

    [0m [90m 82 |[39m             [36mtry[39m {
     [90m 83 |[39m                 [36mconst[39m history [33m=[39m [36mawait[39m getLocationHistory(boxId[33m,[39m [35m24[39m)[33m;[39m
    [31m[1m>[22m[39m[90m 84 |[39m                 setLocationHistory(history)[33m;[39m
     [90m    |[39m                 [31m[1m^[22m[39m
     [90m 85 |[39m             } [36mcatch[39m (error) {
     [90m 86 |[39m                 console[33m.[39merror([32m'Failed to fetch location history:'[39m[33m,[39m error)[33m;[39m
     [90m 87 |[39m             }[0m

      at node_modules/react-test-renderer/cjs/react-test-renderer.development.js:11801:19
      at runWithFiberInDEV (node_modules/react-test-renderer/cjs/react-test-renderer.development.js:1574:13)
      at warnIfUpdatesNotWrappedWithActDEV (node_modules/react-test-renderer/cjs/react-test-renderer.development.js:11800:9)
      at scheduleUpdateOnFiber (node_modules/react-test-renderer/cjs/react-test-renderer.development.js:10326:9)
      at dispatchSetStateInternal (node_modules/react-test-renderer/cjs/react-test-renderer.development.js:4148:13)
      at dispatchSetState (node_modules/react-test-renderer/cjs/react-test-renderer.development.js:4107:7)
      at setLocationHistory (src/screens/rider/TrackMyBoxScreen.tsx:84:17)
      at asyncGeneratorStep (node_modules/@babel/runtime/helpers/asyncToGenerator.js:3:17)
      at _next (node_modules/@babel/runtime/helpers/asyncToGenerator.js:17:9)

  console.warn
    When setting overflow to hidden on Surface the shadow will not be displayed correctly. Wrap the content of your component in a separate View with the overflow style.

    [0m [90m 261 |[39m
     [90m 262 |[39m [36mconst[39m renderWithProvider [33m=[39m (component[33m:[39m [33mReact[39m[33m.[39m[33mReactElement[39m) [33m=>[39m
    [31m[1m>[22m[39m[90m 263 |[39m     render([33m<[39m[33mPaperProvider[39m[33m>[39m{component}[33m<[39m[33m/[39m[33mPaperProvider[39m[33m>[39m)[33m;[39m
     [90m     |[39m           [31m[1m^[22m[39m
     [90m 264 |[39m
     [90m 265 |[39m describe([32m'Rider Screens'[39m[33m,[39m () [33m=>[39m {
     [90m 266 |[39m     beforeEach(() [33m=>[39m {[0m

      at warn (node_modules/react-native-paper/src/components/Surface.tsx:190:17)
      at mountMemo (node_modules/react-test-renderer/cjs/react-test-renderer.development.js:3859:23)
      at Object.useMemo (node_modules/react-test-renderer/cjs/react-test-renderer.development.js:13093:18)
      at Object.<anonymous>.process.env.NODE_ENV.exports.useMemo (node_modules/react/cjs/react.development.js:1209:34)
      at useMemo (node_modules/react-native-paper/src/components/Surface.tsx:173:64)
      at Object.react-stack-bottom-frame (node_modules/react-test-renderer/cjs/react-test-renderer.development.js:13976:20)
      at renderWithHooks (node_modules/react-test-renderer/cjs/react-test-renderer.development.js:2866:22)
      at updateForwardRef (node_modules/react-test-renderer/cjs/react-test-renderer.development.js:5758:19)
      at beginWork (node_modules/react-test-renderer/cjs/react-test-renderer.development.js:7586:18)
      at runWithFiberInDEV (node_modules/react-test-renderer/cjs/react-test-renderer.development.js:1574:13)
      at performUnitOfWork (node_modules/react-test-renderer/cjs/react-test-renderer.development.js:10972:22)
      at workLoopSync (node_modules/react-test-renderer/cjs/react-test-renderer.development.js:10816:41)
      at renderRootSync (node_modules/react-test-renderer/cjs/react-test-renderer.development.js:10797:11)
      at performWorkOnRoot (node_modules/react-test-renderer/cjs/react-test-renderer.development.js:10349:13)
      at performWorkOnRootViaSchedulerTask (node_modules/react-test-renderer/cjs/react-test-renderer.development.js:2094:7)
      at flushActQueue (node_modules/react/cjs/react.development.js:566:34)
      at Object.<anonymous>.process.env.NODE_ENV.exports.act (node_modules/react/cjs/react.development.js:859:10)
      at actImplementation (node_modules/@testing-library/react-native/src/act.ts:30:25)
      at renderWithAct (node_modules/@testing-library/react-native/src/render-act.ts:13:11)
      at renderInternal (node_modules/@testing-library/react-native/src/render.tsx:69:33)
      at renderInternal (node_modules/@testing-library/react-native/src/render.tsx:44:10)
      at renderWithProvider (src/__tests__/screens/rider/RiderScreens.test.tsx:263:11)
      at Object.renderWithProvider (src/__tests__/screens/rider/RiderScreens.test.tsx:342:31)

  console.warn
    When setting overflow to hidden on Surface the shadow will not be displayed correctly. Wrap the content of your component in a separate View with the overflow style.

    [0m [90m 261 |[39m
     [90m 262 |[39m [36mconst[39m renderWithProvider [33m=[39m (component[33m:[39m [33mReact[39m[33m.[39m[33mReactElement[39m) [33m=>[39m
    [31m[1m>[22m[39m[90m 263 |[39m     render([33m<[39m[33mPaperProvider[39m[33m>[39m{component}[33m<[39m[33m/[39m[33mPaperProvider[39m[33m>[39m)[33m;[39m
     [90m     |[39m           [31m[1m^[22m[39m
     [90m 264 |[39m
     [90m 265 |[39m describe([32m'Rider Screens'[39m[33m,[39m () [33m=>[39m {
     [90m 266 |[39m     beforeEach(() [33m=>[39m {[0m

      at warn (node_modules/react-native-paper/src/components/Surface.tsx:190:17)
      at mountMemo (node_modules/react-test-renderer/cjs/react-test-renderer.development.js:3859:23)
      at Object.useMemo (node_modules/react-test-renderer/cjs/react-test-renderer.development.js:13093:18)
      at Object.<anonymous>.process.env.NODE_ENV.exports.useMemo (node_modules/react/cjs/react.development.js:1209:34)
      at useMemo (node_modules/react-native-paper/src/components/Surface.tsx:173:64)
      at Object.react-stack-bottom-frame (node_modules/react-test-renderer/cjs/react-test-renderer.development.js:13976:20)
      at renderWithHooks (node_modules/react-test-renderer/cjs/react-test-renderer.development.js:2866:22)
      at updateForwardRef (node_modules/react-test-renderer/cjs/react-test-renderer.development.js:5758:19)
      at beginWork (node_modules/react-test-renderer/cjs/react-test-renderer.development.js:7586:18)
      at runWithFiberInDEV (node_modules/react-test-renderer/cjs/react-test-renderer.development.js:1574:13)
      at performUnitOfWork (node_modules/react-test-renderer/cjs/react-test-renderer.development.js:10972:22)
      at workLoopSync (node_modules/react-test-renderer/cjs/react-test-renderer.development.js:10816:41)
      at renderRootSync (node_modules/react-test-renderer/cjs/react-test-renderer.development.js:10797:11)
      at performWorkOnRoot (node_modules/react-test-renderer/cjs/react-test-renderer.development.js:10349:13)
      at performWorkOnRootViaSchedulerTask (node_modules/react-test-renderer/cjs/react-test-renderer.development.js:2094:7)
      at flushActQueue (node_modules/react/cjs/react.development.js:566:34)
      at Object.<anonymous>.process.env.NODE_ENV.exports.act (node_modules/react/cjs/react.development.js:859:10)
      at actImplementation (node_modules/@testing-library/react-native/src/act.ts:30:25)
      at renderWithAct (node_modules/@testing-library/react-native/src/render-act.ts:13:11)
      at renderInternal (node_modules/@testing-library/react-native/src/render.tsx:69:33)
      at renderInternal (node_modules/@testing-library/react-native/src/render.tsx:44:10)
      at renderWithProvider (src/__tests__/screens/rider/RiderScreens.test.tsx:263:11)
      at Object.renderWithProvider (src/__tests__/screens/rider/RiderScreens.test.tsx:342:31)

  console.warn
    When setting overflow to hidden on Surface the shadow will not be displayed correctly. Wrap the content of your component in a separate View with the overflow style.

    [0m [90m 261 |[39m
     [90m 262 |[39m [36mconst[39m renderWithProvider [33m=[39m (component[33m:[39m [33mReact[39m[33m.[39m[33mReactElement[39m) [33m=>[39m
    [31m[1m>[22m[39m[90m 263 |[39m     render([33m<[39m[33mPaperProvider[39m[33m>[39m{component}[33m<[39m[33m/[39m[33mPaperProvider[39m[33m>[39m)[33m;[39m
     [90m     |[39m           [31m[1m^[22m[39m
     [90m 264 |[39m
     [90m 265 |[39m describe([32m'Rider Screens'[39m[33m,[39m () [33m=>[39m {
     [90m 266 |[39m     beforeEach(() [33m=>[39m {[0m

      at warn (node_modules/react-native-paper/src/components/Surface.tsx:190:17)
      at updateMemo (node_modules/react-test-renderer/cjs/react-test-renderer.development.js:3877:19)
      at Object.useMemo (node_modules/react-test-renderer/cjs/react-test-renderer.development.js:13335:18)
      at Object.<anonymous>.process.env.NODE_ENV.exports.useMemo (node_modules/react/cjs/react.development.js:1209:34)
      at useMemo (node_modules/react-native-paper/src/components/Surface.tsx:173:64)
      at Object.react-stack-bottom-frame (node_modules/react-test-renderer/cjs/react-test-renderer.development.js:13976:20)
      at renderWithHooks (node_modules/react-test-renderer/cjs/react-test-renderer.development.js:2866:22)
      at updateForwardRef (node_modules/react-test-renderer/cjs/react-test-renderer.development.js:5758:19)
      at beginWork (node_modules/react-test-renderer/cjs/react-test-renderer.development.js:7586:18)
      at runWithFiberInDEV (node_modules/react-test-renderer/cjs/react-test-renderer.development.js:1574:13)
      at performUnitOfWork (node_modules/react-test-renderer/cjs/react-test-renderer.development.js:10972:22)
      at workLoopSync (node_modules/react-test-renderer/cjs/react-test-renderer.development.js:10816:41)
      at renderRootSync (node_modules/react-test-renderer/cjs/react-test-renderer.development.js:10797:11)
      at performWorkOnRoot (node_modules/react-test-renderer/cjs/react-test-renderer.development.js:10349:13)
      at performSyncWorkOnRoot (node_modules/react-test-renderer/cjs/react-test-renderer.development.js:2109:7)
      at flushSyncWorkAcrossRoots_impl (node_modules/react-test-renderer/cjs/react-test-renderer.development.js:1954:21)
      at flushSpawnedWork (node_modules/react-test-renderer/cjs/react-test-renderer.development.js:11467:9)
      at commitRoot (node_modules/react-test-renderer/cjs/react-test-renderer.development.js:11311:9)
      at performWorkOnRoot (node_modules/react-test-renderer/cjs/react-test-renderer.development.js:10445:15)
      at performWorkOnRootViaSchedulerTask (node_modules/react-test-renderer/cjs/react-test-renderer.development.js:2094:7)
      at flushActQueue (node_modules/react/cjs/react.development.js:566:34)
      at Object.<anonymous>.process.env.NODE_ENV.exports.act (node_modules/react/cjs/react.development.js:859:10)
      at actImplementation (node_modules/@testing-library/react-native/src/act.ts:30:25)
      at renderWithAct (node_modules/@testing-library/react-native/src/render-act.ts:13:11)
      at renderInternal (node_modules/@testing-library/react-native/src/render.tsx:69:33)
      at renderInternal (node_modules/@testing-library/react-native/src/render.tsx:44:10)
      at renderWithProvider (src/__tests__/screens/rider/RiderScreens.test.tsx:263:11)
      at Object.renderWithProvider (src/__tests__/screens/rider/RiderScreens.test.tsx:342:31)

  console.error
    An update to RiderDashboard inside a test was not wrapped in act(...).
    
    When testing, code that causes React state updates should be wrapped into act(...):
    
    act(() => {
      /* fire events that update state */
    });
    /* assert on the output */
    
    This ensures that you're testing the behavior the user would see in the browser. Learn more at https://react.dev/link/wrap-tests-with-act

    [0m [90m 254 |[39m         [36mconst[39m checkSyncStatus [33m=[39m [36masync[39m () [33m=>[39m {
     [90m 255 |[39m             [36mconst[39m status [33m=[39m [36mawait[39m offlineCache[33m.[39mgetSyncStatus()[33m;[39m
    [31m[1m>[22m[39m[90m 256 |[39m             setPendingSyncs(status[33m.[39mpendingCount)[33m;[39m
     [90m     |[39m             [31m[1m^[22m[39m
     [90m 257 |[39m             setPhotoQueueCount(status[33m.[39mpendingCount)[33m;[39m
     [90m 258 |[39m             setPhotoQueueFull([33m![39mcanAddToPhotoQueue(status[33m.[39mpendingCount))[33m;[39m
     [90m 259 |[39m         }[33m;[39m[0m

      at node_modules/react-test-renderer/cjs/react-test-renderer.development.js:11801:19
      at runWithFiberInDEV (node_modules/react-test-renderer/cjs/react-test-renderer.development.js:1574:13)
      at warnIfUpdatesNotWrappedWithActDEV (node_modules/react-test-renderer/cjs/react-test-renderer.development.js:11800:9)
      at scheduleUpdateOnFiber (node_modules/react-test-renderer/cjs/react-test-renderer.development.js:10326:9)
      at dispatchSetStateInternal (node_modules/react-test-renderer/cjs/react-test-renderer.development.js:4148:13)
      at dispatchSetState (node_modules/react-test-renderer/cjs/react-test-renderer.development.js:4107:7)
      at setPendingSyncs (src/screens/rider/RiderDashboard.tsx:256:13)
      at asyncGeneratorStep (node_modules/@babel/runtime/helpers/asyncToGenerator.js:3:17)
      at _next (node_modules/@babel/runtime/helpers/asyncToGenerator.js:17:9)

  console.error
    An update to RiderDashboard inside a test was not wrapped in act(...).
    
    When testing, code that causes React state updates should be wrapped into act(...):
    
    act(() => {
      /* fire events that update state */
    });
    /* assert on the output */
    
    This ensures that you're testing the behavior the user would see in the browser. Learn more at https://react.dev/link/wrap-tests-with-act

    [0m [90m 255 |[39m             [36mconst[39m status [33m=[39m [36mawait[39m offlineCache[33m.[39mgetSyncStatus()[33m;[39m
     [90m 256 |[39m             setPendingSyncs(status[33m.[39mpendingCount)[33m;[39m
    [31m[1m>[22m[39m[90m 257 |[39m             setPhotoQueueCount(status[33m.[39mpendingCount)[33m;[39m
     [90m     |[39m             [31m[1m^[22m[39m
     [90m 258 |[39m             setPhotoQueueFull([33m![39mcanAddToPhotoQueue(status[33m.[39mpendingCount))[33m;[39m
     [90m 259 |[39m         }[33m;[39m
     [90m 260 |[39m[0m

      at node_modules/react-test-renderer/cjs/react-test-renderer.development.js:11801:19
      at runWithFiberInDEV (node_modules/react-test-renderer/cjs/react-test-renderer.development.js:1574:13)
      at warnIfUpdatesNotWrappedWithActDEV (node_modules/react-test-renderer/cjs/react-test-renderer.development.js:11800:9)
      at scheduleUpdateOnFiber (node_modules/react-test-renderer/cjs/react-test-renderer.development.js:10326:9)
      at dispatchSetStateInternal (node_modules/react-test-renderer/cjs/react-test-renderer.development.js:4148:13)
      at dispatchSetState (node_modules/react-test-renderer/cjs/react-test-renderer.development.js:4107:7)
      at setPhotoQueueCount (src/screens/rider/RiderDashboard.tsx:257:13)
      at asyncGeneratorStep (node_modules/@babel/runtime/helpers/asyncToGenerator.js:3:17)
      at _next (node_modules/@babel/runtime/helpers/asyncToGenerator.js:17:9)

  console.error
    An update to RiderDashboard inside a test was not wrapped in act(...).
    
    When testing, code that causes React state updates should be wrapped into act(...):
    
    act(() => {
      /* fire events that update state */
    });
    /* assert on the output */
    
    This ensures that you're testing the behavior the user would see in the browser. Learn more at https://react.dev/link/wrap-tests-with-act

    [0m [90m 256 |[39m             setPendingSyncs(status[33m.[39mpendingCount)[33m;[39m
     [90m 257 |[39m             setPhotoQueueCount(status[33m.[39mpendingCount)[33m;[39m
    [31m[1m>[22m[39m[90m 258 |[39m             setPhotoQueueFull([33m![39mcanAddToPhotoQueue(status[33m.[39mpendingCount))[33m;[39m
     [90m     |[39m             [31m[1m^[22m[39m
     [90m 259 |[39m         }[33m;[39m
     [90m 260 |[39m
     [90m 261 |[39m         checkSyncStatus()[33m;[39m[0m

      at node_modules/react-test-renderer/cjs/react-test-renderer.development.js:11801:19
      at runWithFiberInDEV (node_modules/react-test-renderer/cjs/react-test-renderer.development.js:1574:13)
      at warnIfUpdatesNotWrappedWithActDEV (node_modules/react-test-renderer/cjs/react-test-renderer.development.js:11800:9)
      at scheduleUpdateOnFiber (node_modules/react-test-renderer/cjs/react-test-renderer.development.js:10326:9)
      at dispatchSetStateInternal (node_modules/react-test-renderer/cjs/react-test-renderer.development.js:4148:13)
      at dispatchSetState (node_modules/react-test-renderer/cjs/react-test-renderer.development.js:4107:7)
      at setPhotoQueueFull (src/screens/rider/RiderDashboard.tsx:258:13)
      at asyncGeneratorStep (node_modules/@babel/runtime/helpers/asyncToGenerator.js:3:17)
      at _next (node_modules/@babel/runtime/helpers/asyncToGenerator.js:17:9)

  console.error
    An update to RiderDashboard inside a test was not wrapped in act(...).
    
    When testing, code that causes React state updates should be wrapped into act(...):
    
    act(() => {
      /* fire events that update state */
    });
    /* assert on the output */
    
    This ensures that you're testing the behavior the user would see in the browser. Learn more at https://react.dev/link/wrap-tests-with-act

    [0m [90m 277 |[39m             [36mconst[39m token [33m=[39m [36mawait[39m registerForPushNotifications()[33m;[39m
     [90m 278 |[39m             [36mif[39m (token) {
    [31m[1m>[22m[39m[90m 279 |[39m                 setPushToken(token)[33m;[39m
     [90m     |[39m                 [31m[1m^[22m[39m
     [90m 280 |[39m             }
     [90m 281 |[39m         }[33m;[39m
     [90m 282 |[39m         initNotifications()[33m;[39m[0m

      at node_modules/react-test-renderer/cjs/react-test-renderer.development.js:11801:19
      at runWithFiberInDEV (node_modules/react-test-renderer/cjs/react-test-renderer.development.js:1574:13)
      at warnIfUpdatesNotWrappedWithActDEV (node_modules/react-test-renderer/cjs/react-test-renderer.development.js:11800:9)
      at scheduleUpdateOnFiber (node_modules/react-test-renderer/cjs/react-test-renderer.development.js:10326:9)
      at dispatchSetStateInternal (node_modules/react-test-renderer/cjs/react-test-renderer.development.js:4148:13)
      at dispatchSetState (node_modules/react-test-renderer/cjs/react-test-renderer.development.js:4107:7)
      at setPushToken (src/screens/rider/RiderDashboard.tsx:279:17)
      at asyncGeneratorStep (node_modules/@babel/runtime/helpers/asyncToGenerator.js:3:17)
      at _next (node_modules/@babel/runtime/helpers/asyncToGenerator.js:17:9)

  console.error
    An update to RiderDashboard inside a test was not wrapped in act(...).
    
    When testing, code that causes React state updates should be wrapped into act(...):
    
    act(() => {
      /* fire events that update state */
    });
    /* assert on the output */
    
    This ensures that you're testing the behavior the user would see in the browser. Learn more at https://react.dev/link/wrap-tests-with-act

    [0m [90m 568 |[39m         [36mtry[39m {
     [90m 569 |[39m             [36mlet[39m location [33m=[39m [36mawait[39m [33mLocation[39m[33m.[39mgetCurrentPositionAsync({})[33m;[39m
    [31m[1m>[22m[39m[90m 570 |[39m             setRiderLocation(location)[33m;[39m
     [90m     |[39m             [31m[1m^[22m[39m
     [90m 571 |[39m
     [90m 572 |[39m             [90m// Calculate distance[39m
     [90m 573 |[39m             [36mconst[39m dist [33m=[39m calculateDistance([0m

      at node_modules/react-test-renderer/cjs/react-test-renderer.development.js:11801:19
      at runWithFiberInDEV (node_modules/react-test-renderer/cjs/react-test-renderer.development.js:1574:13)
      at warnIfUpdatesNotWrappedWithActDEV (node_modules/react-test-renderer/cjs/react-test-renderer.development.js:11800:9)
      at scheduleUpdateOnFiber (node_modules/react-test-renderer/cjs/react-test-renderer.development.js:10326:9)
      at dispatchSetStateInternal (node_modules/react-test-renderer/cjs/react-test-renderer.development.js:4148:13)
      at dispatchSetState (node_modules/react-test-renderer/cjs/react-test-renderer.development.js:4107:7)
      at setRiderLocation (src/screens/rider/RiderDashboard.tsx:570:13)
      at asyncGeneratorStep (node_modules/@babel/runtime/helpers/asyncToGenerator.js:3:17)
      at _next (node_modules/@babel/runtime/helpers/asyncToGenerator.js:17:9)

  console.error
    An update to RiderDashboard inside a test was not wrapped in act(...).
    
    When testing, code that causes React state updates should be wrapped into act(...):
    
    act(() => {
      /* fire events that update state */
    });
    /* assert on the output */
    
    This ensures that you're testing the behavior the user would see in the browser. Learn more at https://react.dev/link/wrap-tests-with-act

    [0m [90m 577 |[39m                 destination[33m.[39mlongitude
     [90m 578 |[39m             )[33m;[39m
    [31m[1m>[22m[39m[90m 579 |[39m             setDistance([32m`${dist} km`[39m)[33m;[39m
     [90m     |[39m             [31m[1m^[22m[39m
     [90m 580 |[39m
     [90m 581 |[39m             [36mlet[39m address [33m=[39m [36mawait[39m [33mLocation[39m[33m.[39mreverseGeocodeAsync({
     [90m 582 |[39m                 latitude[33m:[39m location[33m.[39mcoords[33m.[39mlatitude[33m,[39m[0m

      at node_modules/react-test-renderer/cjs/react-test-renderer.development.js:11801:19
      at runWithFiberInDEV (node_modules/react-test-renderer/cjs/react-test-renderer.development.js:1574:13)
      at warnIfUpdatesNotWrappedWithActDEV (node_modules/react-test-renderer/cjs/react-test-renderer.development.js:11800:9)
      at scheduleUpdateOnFiber (node_modules/react-test-renderer/cjs/react-test-renderer.development.js:10326:9)
      at dispatchSetStateInternal (node_modules/react-test-renderer/cjs/react-test-renderer.development.js:4148:13)
      at dispatchSetState (node_modules/react-test-renderer/cjs/react-test-renderer.development.js:4107:7)
      at setDistance (src/screens/rider/RiderDashboard.tsx:579:13)
      at asyncGeneratorStep (node_modules/@babel/runtime/helpers/asyncToGenerator.js:3:17)
      at _next (node_modules/@babel/runtime/helpers/asyncToGenerator.js:17:9)

  console.error
    An update to RiderDashboard inside a test was not wrapped in act(...).
    
    When testing, code that causes React state updates should be wrapped into act(...):
    
    act(() => {
      /* fire events that update state */
    });
    /* assert on the output */
    
    This ensures that you're testing the behavior the user would see in the browser. Learn more at https://react.dev/link/wrap-tests-with-act

    [0m [90m 587 |[39m                 [36mconst[39m { city[33m,[39m region[33m,[39m name } [33m=[39m address[[35m0[39m][33m;[39m
     [90m 588 |[39m                 [36mconst[39m locString [33m=[39m city [33m?[39m [32m`${city}, ${region}`[39m [33m:[39m name[33m;[39m
    [31m[1m>[22m[39m[90m 589 |[39m                 setLocationName(locString [33m||[39m [32m'Unknown Location'[39m)[33m;[39m
     [90m     |[39m                 [31m[1m^[22m[39m
     [90m 590 |[39m             }
     [90m 591 |[39m         } [36mcatch[39m (error) {
     [90m 592 |[39m             console[33m.[39mlog([32m'Error fetching location:'[39m[33m,[39m error)[33m;[39m[0m

      at node_modules/react-test-renderer/cjs/react-test-renderer.development.js:11801:19
      at runWithFiberInDEV (node_modules/react-test-renderer/cjs/react-test-renderer.development.js:1574:13)
      at warnIfUpdatesNotWrappedWithActDEV (node_modules/react-test-renderer/cjs/react-test-renderer.development.js:11800:9)
      at scheduleUpdateOnFiber (node_modules/react-test-renderer/cjs/react-test-renderer.development.js:10326:9)
      at dispatchSetStateInternal (node_modules/react-test-renderer/cjs/react-test-renderer.development.js:4148:13)
      at dispatchSetState (node_modules/react-test-renderer/cjs/react-test-renderer.development.js:4107:7)
      at setLocationName (src/screens/rider/RiderDashboard.tsx:589:17)
      at asyncGeneratorStep (node_modules/@babel/runtime/helpers/asyncToGenerator.js:3:17)
      at _next (node_modules/@babel/runtime/helpers/asyncToGenerator.js:17:9)

  console.warn
    When setting overflow to hidden on Surface the shadow will not be displayed correctly. Wrap the content of your component in a separate View with the overflow style.

      at warn (node_modules/react-native-paper/src/components/Surface.tsx:190:17)
      at updateMemo (node_modules/react-test-renderer/cjs/react-test-renderer.development.js:3877:19)
      at Object.useMemo (node_modules/react-test-renderer/cjs/react-test-renderer.development.js:13335:18)
      at Object.<anonymous>.process.env.NODE_ENV.exports.useMemo (node_modules/react/cjs/react.development.js:1209:34)
      at useMemo (node_modules/react-native-paper/src/components/Surface.tsx:173:64)
      at Object.react-stack-bottom-frame (node_modules/react-test-renderer/cjs/react-test-renderer.development.js:13976:20)
      at renderWithHooks (node_modules/react-test-renderer/cjs/react-test-renderer.development.js:2866:22)
      at updateForwardRef (node_modules/react-test-renderer/cjs/react-test-renderer.development.js:5758:19)
      at beginWork (node_modules/react-test-renderer/cjs/react-test-renderer.development.js:7586:18)
      at runWithFiberInDEV (node_modules/react-test-renderer/cjs/react-test-renderer.development.js:1574:13)
      at performUnitOfWork (node_modules/react-test-renderer/cjs/react-test-renderer.development.js:10972:22)
      at workLoopSync (node_modules/react-test-renderer/cjs/react-test-renderer.development.js:10816:41)
      at renderRootSync (node_modules/react-test-renderer/cjs/react-test-renderer.development.js:10797:11)
      at performWorkOnRoot (node_modules/react-test-renderer/cjs/react-test-renderer.development.js:10349:13)
      at performWorkOnRootViaSchedulerTask (node_modules/react-test-renderer/cjs/react-test-renderer.development.js:2094:7)
      at Immediate.performWorkUntilDeadline [as _onImmediate] (node_modules/scheduler/cjs/scheduler.native.development.js:45:48)

  console.error
    An update to PortalManager inside a test was not wrapped in act(...).
    
    When testing, code that causes React state updates should be wrapped into act(...):
    
    act(() => {
      /* fire events that update state */
    });
    /* assert on the output */
    
    This ensures that you're testing the behavior the user would see in the browser. Learn more at https://react.dev/link/wrap-tests-with-act

      at node_modules/react-test-renderer/cjs/react-test-renderer.development.js:11801:19
      at runWithFiberInDEV (node_modules/react-test-renderer/cjs/react-test-renderer.development.js:1574:13)
      at warnIfUpdatesNotWrappedWithActDEV (node_modules/react-test-renderer/cjs/react-test-renderer.development.js:11800:9)
      at scheduleUpdateOnFiber (node_modules/react-test-renderer/cjs/react-test-renderer.development.js:10326:9)
      at Object.enqueueSetState (node_modules/react-test-renderer/cjs/react-test-renderer.development.js:14179:14)
      at PortalManager.Object.<anonymous>.process.env.NODE_ENV.Component.setState (node_modules/react/cjs/react.development.js:632:20)
      at PortalManager.setState [as update] (node_modules/react-native-paper/src/components/Portal/PortalManager.tsx:26:10)
      at Object.update (node_modules/react-native-paper/src/components/Portal/PortalHost.tsx:89:20)
      at PortalConsumer.update [as componentDidUpdate] (node_modules/react-native-paper/src/components/Portal/PortalConsumer.tsx:20:24)
      at Object.react-stack-bottom-frame (node_modules/react-test-renderer/cjs/react-test-renderer.development.js:14017:22)
      at runWithFiberInDEV (node_modules/react-test-renderer/cjs/react-test-renderer.development.js:1574:13)
      at commitLayoutEffectOnFiber (node_modules/react-test-renderer/cjs/react-test-renderer.development.js:8895:19)
      at recursivelyTraverseLayoutEffects (node_modules/react-test-renderer/cjs/react-test-renderer.development.js:9540:11)
      at commitLayoutEffectOnFiber (node_modules/react-test-renderer/cjs/react-test-renderer.development.js:9009:11)
      at recursivelyTraverseLayoutEffects (node_modules/react-test-renderer/cjs/react-test-renderer.development.js:9540:11)
      at commitLayoutEffectOnFiber (node_modules/react-test-renderer/cjs/react-test-renderer.development.js:9009:11)
      at recursivelyTraverseLayoutEffects (node_modules/react-test-renderer/cjs/react-test-renderer.development.js:9540:11)
      at commitLayoutEffectOnFiber (node_modules/react-test-renderer/cjs/react-test-renderer.development.js:8843:11)
      at recursivelyTraverseLayoutEffects (node_modules/react-test-renderer/cjs/react-test-renderer.development.js:9540:11)
      at commitLayoutEffectOnFiber (node_modules/react-test-renderer/cjs/react-test-renderer.development.js:9009:11)
      at recursivelyTraverseLayoutEffects (node_modules/react-test-renderer/cjs/react-test-renderer.development.js:9540:11)
      at commitLayoutEffectOnFiber (node_modules/react-test-renderer/cjs/react-test-renderer.development.js:8843:11)
      at recursivelyTraverseLayoutEffects (node_modules/react-test-renderer/cjs/react-test-renderer.development.js:9540:11)
      at commitLayoutEffectOnFiber (node_modules/react-test-renderer/cjs/react-test-renderer.development.js:8838:11)
      at recursivelyTraverseLayoutEffects (node_modules/react-test-renderer/cjs/react-test-renderer.development.js:9540:11)
      at commitLayoutEffectOnFiber (node_modules/react-test-renderer/cjs/react-test-renderer.development.js:8838:11)
      at recursivelyTraverseLayoutEffects (node_modules/react-test-renderer/cjs/react-test-renderer.development.js:9540:11)
      at commitLayoutEffectOnFiber (node_modules/react-test-renderer/cjs/react-test-renderer.development.js:8951:11)
      at recursivelyTraverseLayoutEffects (node_modules/react-test-renderer/cjs/react-test-renderer.development.js:9540:11)
      at commitLayoutEffectOnFiber (node_modules/react-test-renderer/cjs/react-test-renderer.development.js:8843:11)
      at recursivelyTraverseLayoutEffects (node_modules/react-test-renderer/cjs/react-test-renderer.development.js:9540:11)
      at commitLayoutEffectOnFiber (node_modules/react-test-renderer/cjs/react-test-renderer.development.js:8838:11)
      at recursivelyTraverseLayoutEffects (node_modules/react-test-renderer/cjs/react-test-renderer.development.js:9540:11)
      at commitLayoutEffectOnFiber (node_modules/react-test-renderer/cjs/react-test-renderer.development.js:9009:11)
      at recursivelyTraverseLayoutEffects (node_modules/react-test-renderer/cjs/react-test-renderer.development.js:9540:11)
      at commitLayoutEffectOnFiber (node_modules/react-test-renderer/cjs/react-test-renderer.development.js:8843:11)
      at recursivelyTraverseLayoutEffects (node_modules/react-test-renderer/cjs/react-test-renderer.development.js:9540:11)
      at commitLayoutEffectOnFiber (node_modules/react-test-renderer/cjs/react-test-renderer.development.js:9009:11)
      at recursivelyTraverseLayoutEffects (node_modules/react-test-renderer/cjs/react-test-renderer.development.js:9540:11)
      at commitLayoutEffectOnFiber (node_modules/react-test-renderer/cjs/react-test-renderer.development.js:8951:11)
      at recursivelyTraverseLayoutEffects (node_modules/react-test-renderer/cjs/react-test-renderer.development.js:9540:11)
      at commitLayoutEffectOnFiber (node_modules/react-test-renderer/cjs/react-test-renderer.development.js:8843:11)
      at recursivelyTraverseLayoutEffects (node_modules/react-test-renderer/cjs/react-test-renderer.development.js:9540:11)
      at commitLayoutEffectOnFiber (node_modules/react-test-renderer/cjs/react-test-renderer.development.js:9009:11)
      at recursivelyTraverseLayoutEffects (node_modules/react-test-renderer/cjs/react-test-renderer.development.js:9540:11)
      at commitLayoutEffectOnFiber (node_modules/react-test-renderer/cjs/react-test-renderer.development.js:8843:11)
      at recursivelyTraverseLayoutEffects (node_modules/react-test-renderer/cjs/react-test-renderer.development.js:9540:11)
      at commitLayoutEffectOnFiber (node_modules/react-test-renderer/cjs/react-test-renderer.development.js:8951:11)
      at recursivelyTraverseLayoutEffects (node_modules/react-test-renderer/cjs/react-test-renderer.development.js:9540:11)
      at commitLayoutEffectOnFiber (node_modules/react-test-renderer/cjs/react-test-renderer.development.js:8843:11)
      at recursivelyTraverseLayoutEffects (node_modules/react-test-renderer/cjs/react-test-renderer.development.js:9540:11)
      at commitLayoutEffectOnFiber (node_modules/react-test-renderer/cjs/react-test-renderer.development.js:9009:11)
      at recursivelyTraverseLayoutEffects (node_modules/react-test-renderer/cjs/react-test-renderer.development.js:9540:11)
      at commitLayoutEffectOnFiber (node_modules/react-test-renderer/cjs/react-test-renderer.development.js:8838:11)
      at recursivelyTraverseLayoutEffects (node_modules/react-test-renderer/cjs/react-test-renderer.development.js:9540:11)
      at commitLayoutEffectOnFiber (node_modules/react-test-renderer/cjs/react-test-renderer.development.js:8838:11)
      at recursivelyTraverseLayoutEffects (node_modules/react-test-renderer/cjs/react-test-renderer.development.js:9540:11)
      at commitLayoutEffectOnFiber (node_modules/react-test-renderer/cjs/react-test-renderer.development.js:8920:11)
      at flushLayoutEffects (node_modules/react-test-renderer/cjs/react-test-renderer.development.js:11356:13)
      at commitRoot (node_modules/react-test-renderer/cjs/react-test-renderer.development.js:11310:9)
      at commitRootWhenReady (node_modules/react-test-renderer/cjs/react-test-renderer.development.js:10532:7)
      at performWorkOnRoot (node_modules/react-test-renderer/cjs/react-test-renderer.development.js:10494:15)
      at performWorkOnRootViaSchedulerTask (node_modules/react-test-renderer/cjs/react-test-renderer.development.js:2094:7)
      at Immediate.performWorkUntilDeadline [as _onImmediate] (node_modules/scheduler/cjs/scheduler.native.development.js:45:48)

  console.error
    An update to PortalManager inside a test was not wrapped in act(...).
    
    When testing, code that causes React state updates should be wrapped into act(...):
    
    act(() => {
      /* fire events that update state */
    });
    /* assert on the output */
    
    This ensures that you're testing the behavior the user would see in the browser. Learn more at https://react.dev/link/wrap-tests-with-act

      at node_modules/react-test-renderer/cjs/react-test-renderer.development.js:11801:19
      at runWithFiberInDEV (node_modules/react-test-renderer/cjs/react-test-renderer.development.js:1574:13)
      at warnIfUpdatesNotWrappedWithActDEV (node_modules/react-test-renderer/cjs/react-test-renderer.development.js:11800:9)
      at scheduleUpdateOnFiber (node_modules/react-test-renderer/cjs/react-test-renderer.development.js:10326:9)
      at Object.enqueueSetState (node_modules/react-test-renderer/cjs/react-test-renderer.development.js:14179:14)
      at PortalManager.Object.<anonymous>.process.env.NODE_ENV.Component.setState (node_modules/react/cjs/react.development.js:632:20)
      at PortalManager.setState [as unmount] (node_modules/react-native-paper/src/components/Portal/PortalManager.tsx:36:10)
      at Object.unmount (node_modules/react-native-paper/src/components/Portal/PortalHost.tsx:106:20)
      at PortalConsumer.unmount [as componentWillUnmount] (node_modules/react-native-paper/src/components/Portal/PortalConsumer.tsx:26:24)
      at Object.react-stack-bottom-frame (node_modules/react-test-renderer/cjs/react-test-renderer.development.js:14044:22)
      at runWithFiberInDEV (node_modules/react-test-renderer/cjs/react-test-renderer.development.js:1574:13)
      at safelyCallComponentWillUnmount (node_modules/react-test-renderer/cjs/react-test-renderer.development.js:8575:11)
      at commitDeletionEffectsOnFiber (node_modules/react-test-renderer/cjs/react-test-renderer.development.js:9156:15)
      at recursivelyTraverseDeletionEffects (node_modules/react-test-renderer/cjs/react-test-renderer.development.js:9035:9)
      at commitDeletionEffectsOnFiber (node_modules/react-test-renderer/cjs/react-test-renderer.development.js:9186:11)
      at recursivelyTraverseDeletionEffects (node_modules/react-test-renderer/cjs/react-test-renderer.development.js:9035:9)
      at commitDeletionEffectsOnFiber (node_modules/react-test-renderer/cjs/react-test-renderer.development.js:9186:11)
      at recursivelyTraverseDeletionEffects (node_modules/react-test-renderer/cjs/react-test-renderer.development.js:9035:9)
      at commitDeletionEffectsOnFiber (node_modules/react-test-renderer/cjs/react-test-renderer.development.js:9161:11)
      at recursivelyTraverseDeletionEffects (node_modules/react-test-renderer/cjs/react-test-renderer.development.js:9035:9)
      at commitDeletionEffectsOnFiber (node_modules/react-test-renderer/cjs/react-test-renderer.development.js:9186:11)
      at recursivelyTraverseDeletionEffects (node_modules/react-test-renderer/cjs/react-test-renderer.development.js:9035:9)
      at commitDeletionEffectsOnFiber (node_modules/react-test-renderer/cjs/react-test-renderer.development.js:9161:11)
      at recursivelyTraverseDeletionEffects (node_modules/react-test-renderer/cjs/react-test-renderer.development.js:9035:9)
      at commitDeletionEffectsOnFiber (node_modules/react-test-renderer/cjs/react-test-renderer.development.js:9145:11)
      at recursivelyTraverseDeletionEffects (node_modules/react-test-renderer/cjs/react-test-renderer.development.js:9035:9)
      at commitDeletionEffectsOnFiber (node_modules/react-test-renderer/cjs/react-test-renderer.development.js:9145:11)
      at recursivelyTraverseDeletionEffects (node_modules/react-test-renderer/cjs/react-test-renderer.development.js:9035:9)
      at commitDeletionEffectsOnFiber (node_modules/react-test-renderer/cjs/react-test-renderer.development.js:9071:11)
      at recursivelyTraverseDeletionEffects (node_modules/react-test-renderer/cjs/react-test-renderer.development.js:9035:9)
      at commitDeletionEffectsOnFiber (node_modules/react-test-renderer/cjs/react-test-renderer.development.js:9161:11)
      at recursivelyTraverseDeletionEffects (node_modules/react-test-renderer/cjs/react-test-renderer.development.js:9035:9)
      at commitDeletionEffectsOnFiber (node_modules/react-test-renderer/cjs/react-test-renderer.development.js:9145:11)
      at recursivelyTraverseDeletionEffects (node_modules/react-test-renderer/cjs/react-test-renderer.development.js:9035:9)
      at commitDeletionEffectsOnFiber (node_modules/react-test-renderer/cjs/react-test-renderer.development.js:9186:11)
      at recursivelyTraverseDeletionEffects (node_modules/react-test-renderer/cjs/react-test-renderer.development.js:9035:9)
      at commitDeletionEffectsOnFiber (node_modules/react-test-renderer/cjs/react-test-renderer.development.js:9161:11)
      at recursivelyTraverseDeletionEffects (node_modules/react-test-renderer/cjs/react-test-renderer.development.js:9035:9)
      at commitDeletionEffectsOnFiber (node_modules/react-test-renderer/cjs/react-test-renderer.development.js:9186:11)
      at recursivelyTraverseDeletionEffects (node_modules/react-test-renderer/cjs/react-test-renderer.development.js:9035:9)
      at commitDeletionEffectsOnFiber (node_modules/react-test-renderer/cjs/react-test-renderer.development.js:9071:11)
      at recursivelyTraverseDeletionEffects (node_modules/react-test-renderer/cjs/react-test-renderer.development.js:9035:9)
      at commitDeletionEffectsOnFiber (node_modules/react-test-renderer/cjs/react-test-renderer.development.js:9161:11)
      at recursivelyTraverseDeletionEffects (node_modules/react-test-renderer/cjs/react-test-renderer.development.js:9035:9)
      at commitDeletionEffectsOnFiber (node_modules/react-test-renderer/cjs/react-test-renderer.development.js:9186:11)
      at recursivelyTraverseDeletionEffects (node_modules/react-test-renderer/cjs/react-test-renderer.development.js:9035:9)
      at commitDeletionEffectsOnFiber (node_modules/react-test-renderer/cjs/react-test-renderer.development.js:9161:11)
      at recursivelyTraverseDeletionEffects (node_modules/react-test-renderer/cjs/react-test-renderer.development.js:9035:9)
      at commitDeletionEffectsOnFiber (node_modules/react-test-renderer/cjs/react-test-renderer.development.js:9071:11)
      at recursivelyTraverseDeletionEffects (node_modules/react-test-renderer/cjs/react-test-renderer.development.js:9035:9)
      at commitDeletionEffectsOnFiber (node_modules/react-test-renderer/cjs/react-test-renderer.development.js:9161:11)
      at recursivelyTraverseDeletionEffects (node_modules/react-test-renderer/cjs/react-test-renderer.development.js:9035:9)
      at commitDeletionEffectsOnFiber (node_modules/react-test-renderer/cjs/react-test-renderer.development.js:9186:11)
      at recursivelyTraverseDeletionEffects (node_modules/react-test-renderer/cjs/react-test-renderer.development.js:9035:9)
      at commitDeletionEffectsOnFiber (node_modules/react-test-renderer/cjs/react-test-renderer.development.js:9145:11)
      at recursivelyTraverseDeletionEffects (node_modules/react-test-renderer/cjs/react-test-renderer.development.js:9035:9)
      at commitDeletionEffectsOnFiber (node_modules/react-test-renderer/cjs/react-test-renderer.development.js:9145:11)
      at recursivelyTraverseMutationEffects (node_modules/react-test-renderer/cjs/react-test-renderer.development.js:9252:11)
      at commitMutationEffectsOnFiber (node_modules/react-test-renderer/cjs/react-test-renderer.development.js:9383:11)
      at flushMutationEffects (node_modules/react-test-renderer/cjs/react-test-renderer.development.js:11331:13)
      at commitRoot (node_modules/react-test-renderer/cjs/react-test-renderer.development.js:11309:9)
      at commitRootWhenReady (node_modules/react-test-renderer/cjs/react-test-renderer.development.js:10532:7)
      at performWorkOnRoot (node_modules/react-test-renderer/cjs/react-test-renderer.development.js:10494:15)
      at performSyncWorkOnRoot (node_modules/react-test-renderer/cjs/react-test-renderer.development.js:2109:7)
      at flushSyncWorkAcrossRoots_impl (node_modules/react-test-renderer/cjs/react-test-renderer.development.js:1954:21)
      at flushSpawnedWork (node_modules/react-test-renderer/cjs/react-test-renderer.development.js:11467:9)
      at commitRoot (node_modules/react-test-renderer/cjs/react-test-renderer.development.js:11311:9)
      at commitRootWhenReady (node_modules/react-test-renderer/cjs/react-test-renderer.development.js:10532:7)
      at performWorkOnRoot (node_modules/react-test-renderer/cjs/react-test-renderer.development.js:10494:15)
      at performWorkOnRootViaSchedulerTask (node_modules/react-test-renderer/cjs/react-test-renderer.development.js:2094:7)
      at Immediate.performWorkUntilDeadline [as _onImmediate] (node_modules/scheduler/cjs/scheduler.native.development.js:45:48)

  console.warn
    An error occurred in the <RiderDashboard> component.
    
    Consider adding an error boundary to your tree to customize error handling behavior.
    Visit https://react.dev/link/error-boundaries to learn more about error boundaries.

      at defaultOnUncaughtError (node_modules/react-test-renderer/cjs/react-test-renderer.development.js:5452:15)
      at logUncaughtError (node_modules/react-test-renderer/cjs/react-test-renderer.development.js:5512:11)
      at runWithFiberInDEV (node_modules/react-test-renderer/cjs/react-test-renderer.development.js:1574:13)
      at lane.callback (node_modules/react-test-renderer/cjs/react-test-renderer.development.js:5542:9)
      at callCallback (node_modules/react-test-renderer/cjs/react-test-renderer.development.js:2700:16)
      at commitCallbacks (node_modules/react-test-renderer/cjs/react-test-renderer.development.js:2720:11)
      at runWithFiberInDEV (node_modules/react-test-renderer/cjs/react-test-renderer.development.js:1574:13)
      at commitLayoutEffectOnFiber (node_modules/react-test-renderer/cjs/react-test-renderer.development.js:8936:15)
      at flushLayoutEffects (node_modules/react-test-renderer/cjs/react-test-renderer.development.js:11356:13)
      at commitRoot (node_modules/react-test-renderer/cjs/react-test-renderer.development.js:11310:9)
      at commitRootWhenReady (node_modules/react-test-renderer/cjs/react-test-renderer.development.js:10532:7)
      at performWorkOnRoot (node_modules/react-test-renderer/cjs/react-test-renderer.development.js:10494:15)
      at performSyncWorkOnRoot (node_modules/react-test-renderer/cjs/react-test-renderer.development.js:2109:7)
      at flushSyncWorkAcrossRoots_impl (node_modules/react-test-renderer/cjs/react-test-renderer.development.js:1954:21)
      at flushSpawnedWork (node_modules/react-test-renderer/cjs/react-test-renderer.development.js:11467:9)
      at commitRoot (node_modules/react-test-renderer/cjs/react-test-renderer.development.js:11311:9)
      at commitRootWhenReady (node_modules/react-test-renderer/cjs/react-test-renderer.development.js:10532:7)
      at performWorkOnRoot (node_modules/react-test-renderer/cjs/react-test-renderer.development.js:10494:15)
      at performWorkOnRootViaSchedulerTask (node_modules/react-test-renderer/cjs/react-test-renderer.development.js:2094:7)
      at Immediate.performWorkUntilDeadline [as _onImmediate] (node_modules/scheduler/cjs/scheduler.native.development.js:45:48)

  console.warn
    An error occurred in the <RiderDashboard> component.
    
    Consider adding an error boundary to your tree to customize error handling behavior.
    Visit https://react.dev/link/error-boundaries to learn more about error boundaries.

      at defaultOnUncaughtError (node_modules/react-test-renderer/cjs/react-test-renderer.development.js:5452:15)
      at logUncaughtError (node_modules/react-test-renderer/cjs/react-test-renderer.development.js:5512:11)
      at runWithFiberInDEV (node_modules/react-test-renderer/cjs/react-test-renderer.development.js:1574:13)
      at lane.callback (node_modules/react-test-renderer/cjs/react-test-renderer.development.js:5542:9)
      at callCallback (node_modules/react-test-renderer/cjs/react-test-renderer.development.js:2700:16)
      at commitCallbacks (node_modules/react-test-renderer/cjs/react-test-renderer.development.js:2720:11)
      at runWithFiberInDEV (node_modules/react-test-renderer/cjs/react-test-renderer.development.js:1574:13)
      at commitLayoutEffectOnFiber (node_modules/react-test-renderer/cjs/react-test-renderer.development.js:8936:15)
      at flushLayoutEffects (node_modules/react-test-renderer/cjs/react-test-renderer.development.js:11356:13)
      at commitRoot (node_modules/react-test-renderer/cjs/react-test-renderer.development.js:11310:9)
      at commitRootWhenReady (node_modules/react-test-renderer/cjs/react-test-renderer.development.js:10532:7)
      at performWorkOnRoot (node_modules/react-test-renderer/cjs/react-test-renderer.development.js:10494:15)
      at performSyncWorkOnRoot (node_modules/react-test-renderer/cjs/react-test-renderer.development.js:2109:7)
      at flushSyncWorkAcrossRoots_impl (node_modules/react-test-renderer/cjs/react-test-renderer.development.js:1954:21)
      at flushSpawnedWork (node_modules/react-test-renderer/cjs/react-test-renderer.development.js:11467:9)
      at commitRoot (node_modules/react-test-renderer/cjs/react-test-renderer.development.js:11311:9)
      at commitRootWhenReady (node_modules/react-test-renderer/cjs/react-test-renderer.development.js:10532:7)
      at performWorkOnRoot (node_modules/react-test-renderer/cjs/react-test-renderer.development.js:10494:15)
      at performWorkOnRootViaSchedulerTask (node_modules/react-test-renderer/cjs/react-test-renderer.development.js:2094:7)
      at Immediate.performWorkUntilDeadline [as _onImmediate] (node_modules/scheduler/cjs/scheduler.native.development.js:45:48)

  console.warn
    An error occurred in the <RiderDashboard> component.
    
    Consider adding an error boundary to your tree to customize error handling behavior.
    Visit https://react.dev/link/error-boundaries to learn more about error boundaries.

      at defaultOnUncaughtError (node_modules/react-test-renderer/cjs/react-test-renderer.development.js:5452:15)
      at logUncaughtError (node_modules/react-test-renderer/cjs/react-test-renderer.development.js:5512:11)
      at runWithFiberInDEV (node_modules/react-test-renderer/cjs/react-test-renderer.development.js:1574:13)
      at lane.callback (node_modules/react-test-renderer/cjs/react-test-renderer.development.js:5542:9)
      at callCallback (node_modules/react-test-renderer/cjs/react-test-renderer.development.js:2700:16)
      at commitCallbacks (node_modules/react-test-renderer/cjs/react-test-renderer.development.js:2720:11)
      at runWithFiberInDEV (node_modules/react-test-renderer/cjs/react-test-renderer.development.js:1574:13)
      at commitLayoutEffectOnFiber (node_modules/react-test-renderer/cjs/react-test-renderer.development.js:8936:15)
      at flushLayoutEffects (node_modules/react-test-renderer/cjs/react-test-renderer.development.js:11356:13)
      at commitRoot (node_modules/react-test-renderer/cjs/react-test-renderer.development.js:11310:9)
      at commitRootWhenReady (node_modules/react-test-renderer/cjs/react-test-renderer.development.js:10532:7)
      at performWorkOnRoot (node_modules/react-test-renderer/cjs/react-test-renderer.development.js:10494:15)
      at performSyncWorkOnRoot (node_modules/react-test-renderer/cjs/react-test-renderer.development.js:2109:7)
      at flushSyncWorkAcrossRoots_impl (node_modules/react-test-renderer/cjs/react-test-renderer.development.js:1954:21)
      at flushSpawnedWork (node_modules/react-test-renderer/cjs/react-test-renderer.development.js:11467:9)
      at commitRoot (node_modules/react-test-renderer/cjs/react-test-renderer.development.js:11311:9)
      at commitRootWhenReady (node_modules/react-test-renderer/cjs/react-test-renderer.development.js:10532:7)
      at performWorkOnRoot (node_modules/react-test-renderer/cjs/react-test-renderer.development.js:10494:15)
      at performWorkOnRootViaSchedulerTask (node_modules/react-test-renderer/cjs/react-test-renderer.development.js:2094:7)
      at Immediate.performWorkUntilDeadline [as _onImmediate] (node_modules/scheduler/cjs/scheduler.native.development.js:45:48)

node.exe : PASS src/__tests__/screens/rider/RiderScreens.test.tsx (5.165 s)
At C:\Program Files\nodejs\npm.ps1:29 char:3
+   & $NODE_EXE $NPM_CLI_JS $args
+   ~~~~~~~~~~~~~~~~~~~~~~~~~~~~~
    + CategoryInfo          : NotSpecified: (PASS src/__test...t.tsx (5.165 s):String) [], RemoteExcepti 
   on
    + FullyQualifiedErrorId : NativeCommandError
 
  Rider Screens
    ΓêÜ renders AssignedDeliveriesScreen (253 ms)
    ΓêÜ renders BoxControlsScreen (55 ms)
    ΓêÜ renders ArrivalScreen (41 ms)
    ΓêÜ renders DeliveryCompletionScreen (6 ms)
    ΓêÜ renders DeliveryRecordsScreen (53 ms)
    ΓêÜ renders HardwareStatusScreen (20 ms)
    ΓêÜ renders ReturnPackageScreen (111 ms)
    ΓêÜ renders TheftAlertScreen (35 ms)
    ΓêÜ renders TrackMyBoxScreen (31 ms)
    ΓêÜ renders CancellationConfirmationScreen (22 ms)
    ΓêÜ renders RiderDashboard (241 ms)

Test Suites: 1 passed, 1 total
Tests:       11 passed, 11 total
Snapshots:   0 total
Time:        5.26 s
Ran all test suites matching /src\\__tests__\\screens\\rider\\RiderScreens.test.tsx/i.
